Archive member included to satisfy reference by file (symbol)

./libopencm3//lib\libopencm3_stm32f0.a(gpio_common_all.o)
                              app/main.o (gpio_toggle)
./libopencm3//lib\libopencm3_stm32f0.a(gpio_common_f0234.o)
                              app/main.o (gpio_mode_setup)
./libopencm3//lib\libopencm3_stm32f0.a(rcc.o)
                              app/main.o (rcc_clock_setup_in_hsi_out_48mhz)
./libopencm3//lib\libopencm3_stm32f0.a(rcc_common_all.o)
                              app/main.o (rcc_periph_clock_enable)
./libopencm3//lib\libopencm3_stm32f0.a(vector.o)
                              (reset_handler)
./libopencm3//lib\libopencm3_stm32f0.a(assert.o)
                              ./libopencm3//lib\libopencm3_stm32f0.a(rcc.o) (cm3_assert_failed)
./libopencm3//lib\libopencm3_stm32f0.a(flash_common_all.o)
                              ./libopencm3//lib\libopencm3_stm32f0.a(rcc.o) (flash_prefetch_enable)
C:/Program Files (x86)/Arm GNU Toolchain arm-none-eabi/13.3 rel1/bin/../lib/gcc/arm-none-eabi/13.3.1/thumb/v6-m/nofp\libgcc.a(_thumb1_case_uqi.o)
                              ./libopencm3//lib\libopencm3_stm32f0.a(rcc.o) (__gnu_thumb1_case_uqi)

Discarded input sections

 .group         0x00000000        0xc app/main.o
 .group         0x00000000        0xc app/main.o
 .group         0x00000000        0xc app/main.o
 .group         0x00000000        0xc app/main.o
 .group         0x00000000        0xc app/main.o
 .group         0x00000000        0xc app/main.o
 .group         0x00000000        0xc app/main.o
 .group         0x00000000        0xc app/main.o
 .group         0x00000000        0xc app/main.o
 .group         0x00000000        0xc app/main.o
 .group         0x00000000        0xc app/main.o
 .group         0x00000000        0xc app/main.o
 .group         0x00000000        0xc app/main.o
 .group         0x00000000        0xc app/main.o
 .group         0x00000000        0xc app/main.o
 .group         0x00000000        0xc app/main.o
 .group         0x00000000        0xc app/main.o
 .text          0x00000000        0x0 app/main.o
 .data          0x00000000        0x0 app/main.o
 .bss           0x00000000        0x0 app/main.o
 .group         0x00000000        0xc ./libopencm3//lib\libopencm3_stm32f0.a(gpio_common_all.o)
 .group         0x00000000        0xc ./libopencm3//lib\libopencm3_stm32f0.a(gpio_common_all.o)
 .group         0x00000000        0xc ./libopencm3//lib\libopencm3_stm32f0.a(gpio_common_all.o)
 .group         0x00000000        0xc ./libopencm3//lib\libopencm3_stm32f0.a(gpio_common_all.o)
 .group         0x00000000        0xc ./libopencm3//lib\libopencm3_stm32f0.a(gpio_common_all.o)
 .group         0x00000000        0xc ./libopencm3//lib\libopencm3_stm32f0.a(gpio_common_all.o)
 .group         0x00000000        0xc ./libopencm3//lib\libopencm3_stm32f0.a(gpio_common_all.o)
 .group         0x00000000        0xc ./libopencm3//lib\libopencm3_stm32f0.a(gpio_common_all.o)
 .group         0x00000000        0xc ./libopencm3//lib\libopencm3_stm32f0.a(gpio_common_all.o)
 .group         0x00000000        0xc ./libopencm3//lib\libopencm3_stm32f0.a(gpio_common_all.o)
 .group         0x00000000        0xc ./libopencm3//lib\libopencm3_stm32f0.a(gpio_common_all.o)
 .group         0x00000000        0xc ./libopencm3//lib\libopencm3_stm32f0.a(gpio_common_all.o)
 .group         0x00000000        0xc ./libopencm3//lib\libopencm3_stm32f0.a(gpio_common_all.o)
 .group         0x00000000        0xc ./libopencm3//lib\libopencm3_stm32f0.a(gpio_common_all.o)
 .group         0x00000000        0xc ./libopencm3//lib\libopencm3_stm32f0.a(gpio_common_all.o)
 .group         0x00000000        0xc ./libopencm3//lib\libopencm3_stm32f0.a(gpio_common_all.o)
 .text          0x00000000        0x0 ./libopencm3//lib\libopencm3_stm32f0.a(gpio_common_all.o)
 .data          0x00000000        0x0 ./libopencm3//lib\libopencm3_stm32f0.a(gpio_common_all.o)
 .bss           0x00000000        0x0 ./libopencm3//lib\libopencm3_stm32f0.a(gpio_common_all.o)
 .text.gpio_set
                0x00000000        0x4 ./libopencm3//lib\libopencm3_stm32f0.a(gpio_common_all.o)
 .text.gpio_clear
                0x00000000        0x6 ./libopencm3//lib\libopencm3_stm32f0.a(gpio_common_all.o)
 .text.gpio_get
                0x00000000        0x6 ./libopencm3//lib\libopencm3_stm32f0.a(gpio_common_all.o)
 .text.gpio_port_read
                0x00000000        0x6 ./libopencm3//lib\libopencm3_stm32f0.a(gpio_common_all.o)
 .text.gpio_port_write
                0x00000000        0x4 ./libopencm3//lib\libopencm3_stm32f0.a(gpio_common_all.o)
 .text.gpio_port_config_lock
                0x00000000       0x12 ./libopencm3//lib\libopencm3_stm32f0.a(gpio_common_all.o)
 .debug_macro   0x00000000      0xaa2 ./libopencm3//lib\libopencm3_stm32f0.a(gpio_common_all.o)
 .debug_macro   0x00000000       0x1c ./libopencm3//lib\libopencm3_stm32f0.a(gpio_common_all.o)
 .debug_macro   0x00000000       0x22 ./libopencm3//lib\libopencm3_stm32f0.a(gpio_common_all.o)
 .debug_macro   0x00000000       0x56 ./libopencm3//lib\libopencm3_stm32f0.a(gpio_common_all.o)
 .debug_macro   0x00000000       0x51 ./libopencm3//lib\libopencm3_stm32f0.a(gpio_common_all.o)
 .debug_macro   0x00000000      0x103 ./libopencm3//lib\libopencm3_stm32f0.a(gpio_common_all.o)
 .debug_macro   0x00000000       0x6a ./libopencm3//lib\libopencm3_stm32f0.a(gpio_common_all.o)
 .debug_macro   0x00000000      0x1df ./libopencm3//lib\libopencm3_stm32f0.a(gpio_common_all.o)
 .debug_macro   0x00000000       0x22 ./libopencm3//lib\libopencm3_stm32f0.a(gpio_common_all.o)
 .debug_macro   0x00000000       0xe8 ./libopencm3//lib\libopencm3_stm32f0.a(gpio_common_all.o)
 .debug_macro   0x00000000       0x52 ./libopencm3//lib\libopencm3_stm32f0.a(gpio_common_all.o)
 .debug_macro   0x00000000      0x178 ./libopencm3//lib\libopencm3_stm32f0.a(gpio_common_all.o)
 .debug_macro   0x00000000       0x76 ./libopencm3//lib\libopencm3_stm32f0.a(gpio_common_all.o)
 .debug_macro   0x00000000      0x37e ./libopencm3//lib\libopencm3_stm32f0.a(gpio_common_all.o)
 .debug_macro   0x00000000       0xca ./libopencm3//lib\libopencm3_stm32f0.a(gpio_common_all.o)
 .debug_macro   0x00000000       0x3a ./libopencm3//lib\libopencm3_stm32f0.a(gpio_common_all.o)
 .group         0x00000000        0xc ./libopencm3//lib\libopencm3_stm32f0.a(gpio_common_f0234.o)
 .group         0x00000000        0xc ./libopencm3//lib\libopencm3_stm32f0.a(gpio_common_f0234.o)
 .group         0x00000000        0xc ./libopencm3//lib\libopencm3_stm32f0.a(gpio_common_f0234.o)
 .group         0x00000000        0xc ./libopencm3//lib\libopencm3_stm32f0.a(gpio_common_f0234.o)
 .group         0x00000000        0xc ./libopencm3//lib\libopencm3_stm32f0.a(gpio_common_f0234.o)
 .group         0x00000000        0xc ./libopencm3//lib\libopencm3_stm32f0.a(gpio_common_f0234.o)
 .group         0x00000000        0xc ./libopencm3//lib\libopencm3_stm32f0.a(gpio_common_f0234.o)
 .group         0x00000000        0xc ./libopencm3//lib\libopencm3_stm32f0.a(gpio_common_f0234.o)
 .group         0x00000000        0xc ./libopencm3//lib\libopencm3_stm32f0.a(gpio_common_f0234.o)
 .group         0x00000000        0xc ./libopencm3//lib\libopencm3_stm32f0.a(gpio_common_f0234.o)
 .group         0x00000000        0xc ./libopencm3//lib\libopencm3_stm32f0.a(gpio_common_f0234.o)
 .group         0x00000000        0xc ./libopencm3//lib\libopencm3_stm32f0.a(gpio_common_f0234.o)
 .group         0x00000000        0xc ./libopencm3//lib\libopencm3_stm32f0.a(gpio_common_f0234.o)
 .group         0x00000000        0xc ./libopencm3//lib\libopencm3_stm32f0.a(gpio_common_f0234.o)
 .group         0x00000000        0xc ./libopencm3//lib\libopencm3_stm32f0.a(gpio_common_f0234.o)
 .group         0x00000000        0xc ./libopencm3//lib\libopencm3_stm32f0.a(gpio_common_f0234.o)
 .text          0x00000000        0x0 ./libopencm3//lib\libopencm3_stm32f0.a(gpio_common_f0234.o)
 .data          0x00000000        0x0 ./libopencm3//lib\libopencm3_stm32f0.a(gpio_common_f0234.o)
 .bss           0x00000000        0x0 ./libopencm3//lib\libopencm3_stm32f0.a(gpio_common_f0234.o)
 .text.gpio_set_output_options
                0x00000000       0x3c ./libopencm3//lib\libopencm3_stm32f0.a(gpio_common_f0234.o)
 .text.gpio_set_af
                0x00000000       0x58 ./libopencm3//lib\libopencm3_stm32f0.a(gpio_common_f0234.o)
 .debug_macro   0x00000000      0xaa2 ./libopencm3//lib\libopencm3_stm32f0.a(gpio_common_f0234.o)
 .debug_macro   0x00000000       0x1c ./libopencm3//lib\libopencm3_stm32f0.a(gpio_common_f0234.o)
 .debug_macro   0x00000000       0x22 ./libopencm3//lib\libopencm3_stm32f0.a(gpio_common_f0234.o)
 .debug_macro   0x00000000       0x56 ./libopencm3//lib\libopencm3_stm32f0.a(gpio_common_f0234.o)
 .debug_macro   0x00000000       0x51 ./libopencm3//lib\libopencm3_stm32f0.a(gpio_common_f0234.o)
 .debug_macro   0x00000000      0x103 ./libopencm3//lib\libopencm3_stm32f0.a(gpio_common_f0234.o)
 .debug_macro   0x00000000       0x6a ./libopencm3//lib\libopencm3_stm32f0.a(gpio_common_f0234.o)
 .debug_macro   0x00000000      0x1df ./libopencm3//lib\libopencm3_stm32f0.a(gpio_common_f0234.o)
 .debug_macro   0x00000000       0x22 ./libopencm3//lib\libopencm3_stm32f0.a(gpio_common_f0234.o)
 .debug_macro   0x00000000       0xe8 ./libopencm3//lib\libopencm3_stm32f0.a(gpio_common_f0234.o)
 .debug_macro   0x00000000       0x52 ./libopencm3//lib\libopencm3_stm32f0.a(gpio_common_f0234.o)
 .debug_macro   0x00000000      0x178 ./libopencm3//lib\libopencm3_stm32f0.a(gpio_common_f0234.o)
 .debug_macro   0x00000000       0x76 ./libopencm3//lib\libopencm3_stm32f0.a(gpio_common_f0234.o)
 .debug_macro   0x00000000      0x37e ./libopencm3//lib\libopencm3_stm32f0.a(gpio_common_f0234.o)
 .debug_macro   0x00000000       0xca ./libopencm3//lib\libopencm3_stm32f0.a(gpio_common_f0234.o)
 .debug_macro   0x00000000       0x3a ./libopencm3//lib\libopencm3_stm32f0.a(gpio_common_f0234.o)
 .group         0x00000000        0xc ./libopencm3//lib\libopencm3_stm32f0.a(rcc.o)
 .group         0x00000000        0xc ./libopencm3//lib\libopencm3_stm32f0.a(rcc.o)
 .group         0x00000000        0xc ./libopencm3//lib\libopencm3_stm32f0.a(rcc.o)
 .group         0x00000000        0xc ./libopencm3//lib\libopencm3_stm32f0.a(rcc.o)
 .group         0x00000000        0xc ./libopencm3//lib\libopencm3_stm32f0.a(rcc.o)
 .group         0x00000000        0xc ./libopencm3//lib\libopencm3_stm32f0.a(rcc.o)
 .group         0x00000000        0xc ./libopencm3//lib\libopencm3_stm32f0.a(rcc.o)
 .group         0x00000000        0xc ./libopencm3//lib\libopencm3_stm32f0.a(rcc.o)
 .group         0x00000000        0xc ./libopencm3//lib\libopencm3_stm32f0.a(rcc.o)
 .group         0x00000000        0xc ./libopencm3//lib\libopencm3_stm32f0.a(rcc.o)
 .group         0x00000000        0xc ./libopencm3//lib\libopencm3_stm32f0.a(rcc.o)
 .group         0x00000000        0xc ./libopencm3//lib\libopencm3_stm32f0.a(rcc.o)
 .group         0x00000000        0xc ./libopencm3//lib\libopencm3_stm32f0.a(rcc.o)
 .group         0x00000000        0xc ./libopencm3//lib\libopencm3_stm32f0.a(rcc.o)
 .group         0x00000000        0xc ./libopencm3//lib\libopencm3_stm32f0.a(rcc.o)
 .group         0x00000000        0xc ./libopencm3//lib\libopencm3_stm32f0.a(rcc.o)
 .group         0x00000000        0xc ./libopencm3//lib\libopencm3_stm32f0.a(rcc.o)
 .group         0x00000000        0xc ./libopencm3//lib\libopencm3_stm32f0.a(rcc.o)
 .text          0x00000000        0x0 ./libopencm3//lib\libopencm3_stm32f0.a(rcc.o)
 .data          0x00000000        0x0 ./libopencm3//lib\libopencm3_stm32f0.a(rcc.o)
 .bss           0x00000000        0x0 ./libopencm3//lib\libopencm3_stm32f0.a(rcc.o)
 .text.rcc_get_usart_clksel_freq
                0x00000000       0x50 ./libopencm3//lib\libopencm3_stm32f0.a(rcc.o)
 .text.rcc_osc_ready_int_clear
                0x00000000       0x3c ./libopencm3//lib\libopencm3_stm32f0.a(rcc.o)
 .text.rcc_osc_ready_int_enable
                0x00000000       0x3c ./libopencm3//lib\libopencm3_stm32f0.a(rcc.o)
 .text.rcc_osc_ready_int_disable
                0x00000000       0x58 ./libopencm3//lib\libopencm3_stm32f0.a(rcc.o)
 .text.rcc_osc_ready_int_flag
                0x00000000       0x3c ./libopencm3//lib\libopencm3_stm32f0.a(rcc.o)
 .text.rcc_css_int_clear
                0x00000000       0x14 ./libopencm3//lib\libopencm3_stm32f0.a(rcc.o)
 .text.rcc_css_int_flag
                0x00000000       0x10 ./libopencm3//lib\libopencm3_stm32f0.a(rcc.o)
 .text.rcc_osc_off
                0x00000000       0x4c ./libopencm3//lib\libopencm3_stm32f0.a(rcc.o)
 .text.rcc_css_enable
                0x00000000       0x14 ./libopencm3//lib\libopencm3_stm32f0.a(rcc.o)
 .text.rcc_css_disable
                0x00000000       0x14 ./libopencm3//lib\libopencm3_stm32f0.a(rcc.o)
 .text.rcc_set_usbclk_source
                0x00000000       0x24 ./libopencm3//lib\libopencm3_stm32f0.a(rcc.o)
 .text.rcc_enable_rtc_clock
                0x00000000       0x14 ./libopencm3//lib\libopencm3_stm32f0.a(rcc.o)
 .text.rcc_disable_rtc_clock
                0x00000000       0x14 ./libopencm3//lib\libopencm3_stm32f0.a(rcc.o)
 .text.rcc_set_rtc_clock_source
                0x00000000       0x44 ./libopencm3//lib\libopencm3_stm32f0.a(rcc.o)
 .text.rcc_set_pllxtpre
                0x00000000       0x18 ./libopencm3//lib\libopencm3_stm32f0.a(rcc.o)
 .text.rcc_set_prediv
                0x00000000       0x14 ./libopencm3//lib\libopencm3_stm32f0.a(rcc.o)
 .text.rcc_system_clock_source
                0x00000000       0x2c ./libopencm3//lib\libopencm3_stm32f0.a(rcc.o)
 .text.rcc_set_i2c_clock_hsi
                0x00000000       0x1c ./libopencm3//lib\libopencm3_stm32f0.a(rcc.o)
 .text.rcc_set_i2c_clock_sysclk
                0x00000000       0x1c ./libopencm3//lib\libopencm3_stm32f0.a(rcc.o)
 .text.rcc_get_i2c_clocks
                0x00000000       0x10 ./libopencm3//lib\libopencm3_stm32f0.a(rcc.o)
 .text.rcc_usb_clock_source
                0x00000000       0x14 ./libopencm3//lib\libopencm3_stm32f0.a(rcc.o)
 .text.rcc_clock_setup_in_hse_8mhz_out_48mhz
                0x00000000       0x74 ./libopencm3//lib\libopencm3_stm32f0.a(rcc.o)
 .text.rcc_clock_setup_in_hsi48_out_48mhz
                0x00000000       0x44 ./libopencm3//lib\libopencm3_stm32f0.a(rcc.o)
 .text.rcc_get_usart_clk_freq
                0x00000000       0x3c ./libopencm3//lib\libopencm3_stm32f0.a(rcc.o)
 .text.rcc_get_timer_clk_freq
                0x00000000       0x1c ./libopencm3//lib\libopencm3_stm32f0.a(rcc.o)
 .text.rcc_get_i2c_clk_freq
                0x00000000       0x48 ./libopencm3//lib\libopencm3_stm32f0.a(rcc.o)
 .text.rcc_get_spi_clk_freq
                0x00000000        0xc ./libopencm3//lib\libopencm3_stm32f0.a(rcc.o)
 .debug_macro   0x00000000      0xaa2 ./libopencm3//lib\libopencm3_stm32f0.a(rcc.o)
 .debug_macro   0x00000000       0x1c ./libopencm3//lib\libopencm3_stm32f0.a(rcc.o)
 .debug_macro   0x00000000       0x22 ./libopencm3//lib\libopencm3_stm32f0.a(rcc.o)
 .debug_macro   0x00000000       0x56 ./libopencm3//lib\libopencm3_stm32f0.a(rcc.o)
 .debug_macro   0x00000000       0x51 ./libopencm3//lib\libopencm3_stm32f0.a(rcc.o)
 .debug_macro   0x00000000      0x103 ./libopencm3//lib\libopencm3_stm32f0.a(rcc.o)
 .debug_macro   0x00000000       0x6a ./libopencm3//lib\libopencm3_stm32f0.a(rcc.o)
 .debug_macro   0x00000000      0x1df ./libopencm3//lib\libopencm3_stm32f0.a(rcc.o)
 .debug_macro   0x00000000       0x22 ./libopencm3//lib\libopencm3_stm32f0.a(rcc.o)
 .debug_macro   0x00000000       0xe8 ./libopencm3//lib\libopencm3_stm32f0.a(rcc.o)
 .debug_macro   0x00000000       0x52 ./libopencm3//lib\libopencm3_stm32f0.a(rcc.o)
 .debug_macro   0x00000000      0x178 ./libopencm3//lib\libopencm3_stm32f0.a(rcc.o)
 .debug_macro   0x00000000      0x780 ./libopencm3//lib\libopencm3_stm32f0.a(rcc.o)
 .group         0x00000000        0xc ./libopencm3//lib\libopencm3_stm32f0.a(rcc_common_all.o)
 .group         0x00000000        0xc ./libopencm3//lib\libopencm3_stm32f0.a(rcc_common_all.o)
 .group         0x00000000        0xc ./libopencm3//lib\libopencm3_stm32f0.a(rcc_common_all.o)
 .group         0x00000000        0xc ./libopencm3//lib\libopencm3_stm32f0.a(rcc_common_all.o)
 .group         0x00000000        0xc ./libopencm3//lib\libopencm3_stm32f0.a(rcc_common_all.o)
 .group         0x00000000        0xc ./libopencm3//lib\libopencm3_stm32f0.a(rcc_common_all.o)
 .group         0x00000000        0xc ./libopencm3//lib\libopencm3_stm32f0.a(rcc_common_all.o)
 .group         0x00000000        0xc ./libopencm3//lib\libopencm3_stm32f0.a(rcc_common_all.o)
 .group         0x00000000        0xc ./libopencm3//lib\libopencm3_stm32f0.a(rcc_common_all.o)
 .group         0x00000000        0xc ./libopencm3//lib\libopencm3_stm32f0.a(rcc_common_all.o)
 .group         0x00000000        0xc ./libopencm3//lib\libopencm3_stm32f0.a(rcc_common_all.o)
 .group         0x00000000        0xc ./libopencm3//lib\libopencm3_stm32f0.a(rcc_common_all.o)
 .group         0x00000000        0xc ./libopencm3//lib\libopencm3_stm32f0.a(rcc_common_all.o)
 .text          0x00000000        0x0 ./libopencm3//lib\libopencm3_stm32f0.a(rcc_common_all.o)
 .data          0x00000000        0x0 ./libopencm3//lib\libopencm3_stm32f0.a(rcc_common_all.o)
 .bss           0x00000000        0x0 ./libopencm3//lib\libopencm3_stm32f0.a(rcc_common_all.o)
 .text.rcc_peripheral_enable_clock
                0x00000000        0x8 ./libopencm3//lib\libopencm3_stm32f0.a(rcc_common_all.o)
 .text.rcc_peripheral_disable_clock
                0x00000000        0x8 ./libopencm3//lib\libopencm3_stm32f0.a(rcc_common_all.o)
 .text.rcc_peripheral_reset
                0x00000000        0x8 ./libopencm3//lib\libopencm3_stm32f0.a(rcc_common_all.o)
 .text.rcc_peripheral_clear_reset
                0x00000000        0x8 ./libopencm3//lib\libopencm3_stm32f0.a(rcc_common_all.o)
 .text.rcc_periph_clock_disable
                0x00000000       0x1c ./libopencm3//lib\libopencm3_stm32f0.a(rcc_common_all.o)
 .text.rcc_periph_reset_pulse
                0x00000000       0x20 ./libopencm3//lib\libopencm3_stm32f0.a(rcc_common_all.o)
 .text.rcc_periph_reset_hold
                0x00000000        0x8 ./libopencm3//lib\libopencm3_stm32f0.a(rcc_common_all.o)
 .text.rcc_periph_reset_release
                0x00000000        0x8 ./libopencm3//lib\libopencm3_stm32f0.a(rcc_common_all.o)
 .text.rcc_set_mco
                0x00000000       0x18 ./libopencm3//lib\libopencm3_stm32f0.a(rcc_common_all.o)
 .text.rcc_osc_bypass_enable
                0x00000000       0x28 ./libopencm3//lib\libopencm3_stm32f0.a(rcc_common_all.o)
 .text.rcc_osc_bypass_disable
                0x00000000       0x2c ./libopencm3//lib\libopencm3_stm32f0.a(rcc_common_all.o)
 .text.rcc_get_div_from_hpre
                0x00000000       0x1a ./libopencm3//lib\libopencm3_stm32f0.a(rcc_common_all.o)
 .debug_macro   0x00000000      0xaa2 ./libopencm3//lib\libopencm3_stm32f0.a(rcc_common_all.o)
 .debug_macro   0x00000000       0x1c ./libopencm3//lib\libopencm3_stm32f0.a(rcc_common_all.o)
 .debug_macro   0x00000000       0x22 ./libopencm3//lib\libopencm3_stm32f0.a(rcc_common_all.o)
 .debug_macro   0x00000000       0x56 ./libopencm3//lib\libopencm3_stm32f0.a(rcc_common_all.o)
 .debug_macro   0x00000000       0x51 ./libopencm3//lib\libopencm3_stm32f0.a(rcc_common_all.o)
 .debug_macro   0x00000000      0x103 ./libopencm3//lib\libopencm3_stm32f0.a(rcc_common_all.o)
 .debug_macro   0x00000000       0x6a ./libopencm3//lib\libopencm3_stm32f0.a(rcc_common_all.o)
 .debug_macro   0x00000000      0x1df ./libopencm3//lib\libopencm3_stm32f0.a(rcc_common_all.o)
 .debug_macro   0x00000000       0x22 ./libopencm3//lib\libopencm3_stm32f0.a(rcc_common_all.o)
 .debug_macro   0x00000000       0xe8 ./libopencm3//lib\libopencm3_stm32f0.a(rcc_common_all.o)
 .debug_macro   0x00000000       0x52 ./libopencm3//lib\libopencm3_stm32f0.a(rcc_common_all.o)
 .debug_macro   0x00000000      0x178 ./libopencm3//lib\libopencm3_stm32f0.a(rcc_common_all.o)
 .debug_macro   0x00000000      0x780 ./libopencm3//lib\libopencm3_stm32f0.a(rcc_common_all.o)
 .group         0x00000000        0xc ./libopencm3//lib\libopencm3_stm32f0.a(vector.o)
 .group         0x00000000        0xc ./libopencm3//lib\libopencm3_stm32f0.a(vector.o)
 .group         0x00000000        0xc ./libopencm3//lib\libopencm3_stm32f0.a(vector.o)
 .group         0x00000000        0xc ./libopencm3//lib\libopencm3_stm32f0.a(vector.o)
 .group         0x00000000        0xc ./libopencm3//lib\libopencm3_stm32f0.a(vector.o)
 .group         0x00000000        0xc ./libopencm3//lib\libopencm3_stm32f0.a(vector.o)
 .group         0x00000000        0xc ./libopencm3//lib\libopencm3_stm32f0.a(vector.o)
 .group         0x00000000        0xc ./libopencm3//lib\libopencm3_stm32f0.a(vector.o)
 .group         0x00000000        0xc ./libopencm3//lib\libopencm3_stm32f0.a(vector.o)
 .group         0x00000000        0xc ./libopencm3//lib\libopencm3_stm32f0.a(vector.o)
 .group         0x00000000        0xc ./libopencm3//lib\libopencm3_stm32f0.a(vector.o)
 .group         0x00000000        0xc ./libopencm3//lib\libopencm3_stm32f0.a(vector.o)
 .group         0x00000000        0xc ./libopencm3//lib\libopencm3_stm32f0.a(vector.o)
 .group         0x00000000        0xc ./libopencm3//lib\libopencm3_stm32f0.a(vector.o)
 .text          0x00000000        0x0 ./libopencm3//lib\libopencm3_stm32f0.a(vector.o)
 .data          0x00000000        0x0 ./libopencm3//lib\libopencm3_stm32f0.a(vector.o)
 .bss           0x00000000        0x0 ./libopencm3//lib\libopencm3_stm32f0.a(vector.o)
 .debug_macro   0x00000000      0xaa2 ./libopencm3//lib\libopencm3_stm32f0.a(vector.o)
 .debug_macro   0x00000000       0x52 ./libopencm3//lib\libopencm3_stm32f0.a(vector.o)
 .debug_macro   0x00000000       0x1c ./libopencm3//lib\libopencm3_stm32f0.a(vector.o)
 .debug_macro   0x00000000       0x22 ./libopencm3//lib\libopencm3_stm32f0.a(vector.o)
 .debug_macro   0x00000000       0x56 ./libopencm3//lib\libopencm3_stm32f0.a(vector.o)
 .debug_macro   0x00000000       0x51 ./libopencm3//lib\libopencm3_stm32f0.a(vector.o)
 .debug_macro   0x00000000      0x103 ./libopencm3//lib\libopencm3_stm32f0.a(vector.o)
 .debug_macro   0x00000000       0x6a ./libopencm3//lib\libopencm3_stm32f0.a(vector.o)
 .debug_macro   0x00000000      0x1df ./libopencm3//lib\libopencm3_stm32f0.a(vector.o)
 .debug_macro   0x00000000       0x22 ./libopencm3//lib\libopencm3_stm32f0.a(vector.o)
 .debug_macro   0x00000000       0xe8 ./libopencm3//lib\libopencm3_stm32f0.a(vector.o)
 .group         0x00000000        0xc ./libopencm3//lib\libopencm3_stm32f0.a(assert.o)
 .group         0x00000000        0xc ./libopencm3//lib\libopencm3_stm32f0.a(assert.o)
 .group         0x00000000        0xc ./libopencm3//lib\libopencm3_stm32f0.a(assert.o)
 .group         0x00000000        0xc ./libopencm3//lib\libopencm3_stm32f0.a(assert.o)
 .group         0x00000000        0xc ./libopencm3//lib\libopencm3_stm32f0.a(assert.o)
 .group         0x00000000        0xc ./libopencm3//lib\libopencm3_stm32f0.a(assert.o)
 .group         0x00000000        0xc ./libopencm3//lib\libopencm3_stm32f0.a(assert.o)
 .group         0x00000000        0xc ./libopencm3//lib\libopencm3_stm32f0.a(assert.o)
 .group         0x00000000        0xc ./libopencm3//lib\libopencm3_stm32f0.a(assert.o)
 .group         0x00000000        0xc ./libopencm3//lib\libopencm3_stm32f0.a(assert.o)
 .group         0x00000000        0xc ./libopencm3//lib\libopencm3_stm32f0.a(assert.o)
 .text          0x00000000        0x0 ./libopencm3//lib\libopencm3_stm32f0.a(assert.o)
 .data          0x00000000        0x0 ./libopencm3//lib\libopencm3_stm32f0.a(assert.o)
 .bss           0x00000000        0x0 ./libopencm3//lib\libopencm3_stm32f0.a(assert.o)
 .text.cm3_assert_failed
                0x00000000        0x2 ./libopencm3//lib\libopencm3_stm32f0.a(assert.o)
 .text.cm3_assert_failed_verbose
                0x00000000        0x6 ./libopencm3//lib\libopencm3_stm32f0.a(assert.o)
 .debug_info    0x00000000      0x101 ./libopencm3//lib\libopencm3_stm32f0.a(assert.o)
 .debug_abbrev  0x00000000       0x94 ./libopencm3//lib\libopencm3_stm32f0.a(assert.o)
 .debug_loclists
                0x00000000       0x80 ./libopencm3//lib\libopencm3_stm32f0.a(assert.o)
 .debug_aranges
                0x00000000       0x28 ./libopencm3//lib\libopencm3_stm32f0.a(assert.o)
 .debug_rnglists
                0x00000000       0x19 ./libopencm3//lib\libopencm3_stm32f0.a(assert.o)
 .debug_macro   0x00000000       0x89 ./libopencm3//lib\libopencm3_stm32f0.a(assert.o)
 .debug_macro   0x00000000      0xaa2 ./libopencm3//lib\libopencm3_stm32f0.a(assert.o)
 .debug_macro   0x00000000       0x1c ./libopencm3//lib\libopencm3_stm32f0.a(assert.o)
 .debug_macro   0x00000000       0x22 ./libopencm3//lib\libopencm3_stm32f0.a(assert.o)
 .debug_macro   0x00000000       0x56 ./libopencm3//lib\libopencm3_stm32f0.a(assert.o)
 .debug_macro   0x00000000       0x51 ./libopencm3//lib\libopencm3_stm32f0.a(assert.o)
 .debug_macro   0x00000000      0x103 ./libopencm3//lib\libopencm3_stm32f0.a(assert.o)
 .debug_macro   0x00000000       0x6a ./libopencm3//lib\libopencm3_stm32f0.a(assert.o)
 .debug_macro   0x00000000      0x1df ./libopencm3//lib\libopencm3_stm32f0.a(assert.o)
 .debug_macro   0x00000000       0x22 ./libopencm3//lib\libopencm3_stm32f0.a(assert.o)
 .debug_macro   0x00000000       0xe8 ./libopencm3//lib\libopencm3_stm32f0.a(assert.o)
 .debug_macro   0x00000000       0x16 ./libopencm3//lib\libopencm3_stm32f0.a(assert.o)
 .debug_line    0x00000000      0x289 ./libopencm3//lib\libopencm3_stm32f0.a(assert.o)
 .debug_str     0x00000000     0x40d1 ./libopencm3//lib\libopencm3_stm32f0.a(assert.o)
 .comment       0x00000000       0x46 ./libopencm3//lib\libopencm3_stm32f0.a(assert.o)
 .debug_frame   0x00000000       0x38 ./libopencm3//lib\libopencm3_stm32f0.a(assert.o)
 .ARM.attributes
                0x00000000       0x2c ./libopencm3//lib\libopencm3_stm32f0.a(assert.o)
 .group         0x00000000        0xc ./libopencm3//lib\libopencm3_stm32f0.a(flash_common_all.o)
 .group         0x00000000        0xc ./libopencm3//lib\libopencm3_stm32f0.a(flash_common_all.o)
 .group         0x00000000        0xc ./libopencm3//lib\libopencm3_stm32f0.a(flash_common_all.o)
 .group         0x00000000        0xc ./libopencm3//lib\libopencm3_stm32f0.a(flash_common_all.o)
 .group         0x00000000        0xc ./libopencm3//lib\libopencm3_stm32f0.a(flash_common_all.o)
 .group         0x00000000        0xc ./libopencm3//lib\libopencm3_stm32f0.a(flash_common_all.o)
 .group         0x00000000        0xc ./libopencm3//lib\libopencm3_stm32f0.a(flash_common_all.o)
 .group         0x00000000        0xc ./libopencm3//lib\libopencm3_stm32f0.a(flash_common_all.o)
 .group         0x00000000        0xc ./libopencm3//lib\libopencm3_stm32f0.a(flash_common_all.o)
 .group         0x00000000        0xc ./libopencm3//lib\libopencm3_stm32f0.a(flash_common_all.o)
 .group         0x00000000        0xc ./libopencm3//lib\libopencm3_stm32f0.a(flash_common_all.o)
 .group         0x00000000        0xc ./libopencm3//lib\libopencm3_stm32f0.a(flash_common_all.o)
 .group         0x00000000        0xc ./libopencm3//lib\libopencm3_stm32f0.a(flash_common_all.o)
 .group         0x00000000        0xc ./libopencm3//lib\libopencm3_stm32f0.a(flash_common_all.o)
 .text          0x00000000        0x0 ./libopencm3//lib\libopencm3_stm32f0.a(flash_common_all.o)
 .data          0x00000000        0x0 ./libopencm3//lib\libopencm3_stm32f0.a(flash_common_all.o)
 .bss           0x00000000        0x0 ./libopencm3//lib\libopencm3_stm32f0.a(flash_common_all.o)
 .text.flash_prefetch_disable
                0x00000000       0x10 ./libopencm3//lib\libopencm3_stm32f0.a(flash_common_all.o)
 .text.flash_unlock_option_bytes
                0x00000000       0x18 ./libopencm3//lib\libopencm3_stm32f0.a(flash_common_all.o)
 .debug_macro   0x00000000      0xaa2 ./libopencm3//lib\libopencm3_stm32f0.a(flash_common_all.o)
 .debug_macro   0x00000000       0x1c ./libopencm3//lib\libopencm3_stm32f0.a(flash_common_all.o)
 .debug_macro   0x00000000       0x22 ./libopencm3//lib\libopencm3_stm32f0.a(flash_common_all.o)
 .debug_macro   0x00000000       0x56 ./libopencm3//lib\libopencm3_stm32f0.a(flash_common_all.o)
 .debug_macro   0x00000000       0x51 ./libopencm3//lib\libopencm3_stm32f0.a(flash_common_all.o)
 .debug_macro   0x00000000      0x103 ./libopencm3//lib\libopencm3_stm32f0.a(flash_common_all.o)
 .debug_macro   0x00000000       0x6a ./libopencm3//lib\libopencm3_stm32f0.a(flash_common_all.o)
 .debug_macro   0x00000000      0x1df ./libopencm3//lib\libopencm3_stm32f0.a(flash_common_all.o)
 .debug_macro   0x00000000       0x22 ./libopencm3//lib\libopencm3_stm32f0.a(flash_common_all.o)
 .debug_macro   0x00000000       0xe8 ./libopencm3//lib\libopencm3_stm32f0.a(flash_common_all.o)
 .debug_macro   0x00000000       0x52 ./libopencm3//lib\libopencm3_stm32f0.a(flash_common_all.o)
 .debug_macro   0x00000000      0x178 ./libopencm3//lib\libopencm3_stm32f0.a(flash_common_all.o)
 .debug_macro   0x00000000       0xee ./libopencm3//lib\libopencm3_stm32f0.a(flash_common_all.o)
 .debug_macro   0x00000000       0xd0 ./libopencm3//lib\libopencm3_stm32f0.a(flash_common_all.o)
 .data          0x00000000        0x0 C:/Program Files (x86)/Arm GNU Toolchain arm-none-eabi/13.3 rel1/bin/../lib/gcc/arm-none-eabi/13.3.1/thumb/v6-m/nofp\libgcc.a(_thumb1_case_uqi.o)
 .bss           0x00000000        0x0 C:/Program Files (x86)/Arm GNU Toolchain arm-none-eabi/13.3 rel1/bin/../lib/gcc/arm-none-eabi/13.3.1/thumb/v6-m/nofp\libgcc.a(_thumb1_case_uqi.o)

Memory Configuration

Name             Origin             Length             Attributes
rom              0x08000000         0x00010000         xr
ram              0x20000000         0x00002000         rw
*default*        0x00000000         0xffffffff

Linker script and memory map

LOAD app/main.o
LOAD ./libopencm3//lib\libopencm3_stm32f0.a
START GROUP
LOAD C:/Program Files (x86)/Arm GNU Toolchain arm-none-eabi/13.3 rel1/bin/../lib/gcc/arm-none-eabi/13.3.1/thumb/v6-m/nofp\libc.a
LOAD C:/Program Files (x86)/Arm GNU Toolchain arm-none-eabi/13.3 rel1/bin/../lib/gcc/arm-none-eabi/13.3.1/thumb/v6-m/nofp\libgcc.a
LOAD C:/Program Files (x86)/Arm GNU Toolchain arm-none-eabi/13.3 rel1/bin/../lib/gcc/arm-none-eabi/13.3.1/thumb/v6-m/nofp\libnosys.a
END GROUP
START GROUP
LOAD C:/Program Files (x86)/Arm GNU Toolchain arm-none-eabi/13.3 rel1/bin/../lib/gcc/arm-none-eabi/13.3.1/thumb/v6-m/nofp\libgcc.a
LOAD C:/Program Files (x86)/Arm GNU Toolchain arm-none-eabi/13.3 rel1/bin/../lib/gcc/arm-none-eabi/13.3.1/thumb/v6-m/nofp\libg.a
LOAD C:/Program Files (x86)/Arm GNU Toolchain arm-none-eabi/13.3 rel1/bin/../lib/gcc/arm-none-eabi/13.3.1/thumb/v6-m/nofp\libc.a
END GROUP

.text           0x08000000      0x3f0
 *(.vectors)
 .vectors       0x08000000       0xc0 ./libopencm3//lib\libopencm3_stm32f0.a(vector.o)
                0x08000000                vector_table
 *(.text*)
 .text.startup.main
                0x080000c0       0x40 app/main.o
                0x080000c0                main
 .text.gpio_toggle
                0x08000100       0x10 ./libopencm3//lib\libopencm3_stm32f0.a(gpio_common_all.o)
                0x08000100                gpio_toggle
 .text.gpio_mode_setup
                0x08000110       0x40 ./libopencm3//lib\libopencm3_stm32f0.a(gpio_common_f0234.o)
                0x08000110                gpio_mode_setup
 .text.rcc_is_osc_ready
                0x08000150       0x54 ./libopencm3//lib\libopencm3_stm32f0.a(rcc.o)
                0x08000150                rcc_is_osc_ready
 .text.rcc_wait_for_osc_ready
                0x080001a4       0x10 ./libopencm3//lib\libopencm3_stm32f0.a(rcc.o)
                0x080001a4                rcc_wait_for_osc_ready
 .text.rcc_osc_on
                0x080001b4       0x54 ./libopencm3//lib\libopencm3_stm32f0.a(rcc.o)
                0x080001b4                rcc_osc_on
 .text.rcc_set_sysclk_source
                0x08000208       0x48 ./libopencm3//lib\libopencm3_stm32f0.a(rcc.o)
                0x08000208                rcc_set_sysclk_source
 .text.rcc_set_pll_multiplication_factor
                0x08000250       0x18 ./libopencm3//lib\libopencm3_stm32f0.a(rcc.o)
                0x08000250                rcc_set_pll_multiplication_factor
 .text.rcc_set_pll_source
                0x08000268       0x18 ./libopencm3//lib\libopencm3_stm32f0.a(rcc.o)
                0x08000268                rcc_set_pll_source
 .text.rcc_set_ppre
                0x08000280       0x18 ./libopencm3//lib\libopencm3_stm32f0.a(rcc.o)
                0x08000280                rcc_set_ppre
 .text.rcc_set_hpre
                0x08000298       0x14 ./libopencm3//lib\libopencm3_stm32f0.a(rcc.o)
                0x08000298                rcc_set_hpre
 .text.rcc_clock_setup_in_hsi_out_48mhz
                0x080002ac       0x64 ./libopencm3//lib\libopencm3_stm32f0.a(rcc.o)
                0x080002ac                rcc_clock_setup_in_hsi_out_48mhz
 .text.rcc_periph_clock_enable
                0x08000310       0x1c ./libopencm3//lib\libopencm3_stm32f0.a(rcc_common_all.o)
                0x08000310                rcc_periph_clock_enable
 .text.blocking_handler
                0x0800032c        0x2 ./libopencm3//lib\libopencm3_stm32f0.a(vector.o)
                0x0800032c                dma1_channel2_3_dma2_channel1_2_isr
                0x0800032c                rtc_isr
                0x0800032c                tim7_isr
                0x0800032c                dma1_channel4_7_dma2_channel3_5_isr
                0x0800032c                blocking_handler
                0x0800032c                tsc_isr
                0x0800032c                spi1_isr
                0x0800032c                i2c1_isr
                0x0800032c                tim17_isr
                0x0800032c                i2c2_isr
                0x0800032c                usart1_isr
                0x0800032c                usart3_4_isr
                0x0800032c                tim1_cc_isr
                0x0800032c                exti2_3_isr
                0x0800032c                tim16_isr
                0x0800032c                pvd_isr
                0x0800032c                rcc_isr
                0x0800032c                flash_isr
                0x0800032c                hard_fault_handler
                0x0800032c                tim14_isr
                0x0800032c                spi2_isr
                0x0800032c                usb_isr
                0x0800032c                tim15_isr
                0x0800032c                tim3_isr
                0x0800032c                usart2_isr
                0x0800032c                adc_comp_isr
                0x0800032c                dma1_channel1_isr
                0x0800032c                tim6_dac_isr
                0x0800032c                tim1_brk_up_trg_com_isr
                0x0800032c                exti4_15_isr
                0x0800032c                cec_can_isr
                0x0800032c                wwdg_isr
                0x0800032c                tim2_isr
                0x0800032c                exti0_1_isr
 .text.null_handler
                0x0800032e        0x2 ./libopencm3//lib\libopencm3_stm32f0.a(vector.o)
                0x0800032e                sv_call_handler
                0x0800032e                pend_sv_handler
                0x0800032e                sys_tick_handler
                0x0800032e                nmi_handler
                0x0800032e                null_handler
 .text.reset_handler
                0x08000330       0x88 ./libopencm3//lib\libopencm3_stm32f0.a(vector.o)
                0x08000330                reset_handler
 .text.flash_prefetch_enable
                0x080003b8       0x10 ./libopencm3//lib\libopencm3_stm32f0.a(flash_common_all.o)
                0x080003b8                flash_prefetch_enable
 .text.flash_set_ws
                0x080003c8       0x14 ./libopencm3//lib\libopencm3_stm32f0.a(flash_common_all.o)
                0x080003c8                flash_set_ws
 .text          0x080003dc       0x14 C:/Program Files (x86)/Arm GNU Toolchain arm-none-eabi/13.3 rel1/bin/../lib/gcc/arm-none-eabi/13.3.1/thumb/v6-m/nofp\libgcc.a(_thumb1_case_uqi.o)
                0x080003dc                __gnu_thumb1_case_uqi
                0x080003f0                        . = ALIGN (0x4)
 *(.rodata*)
                0x080003f0                        . = ALIGN (0x4)

.glue_7         0x080003f0        0x0
 .glue_7        0x080003f0        0x0 linker stubs

.glue_7t        0x080003f0        0x0
 .glue_7t       0x080003f0        0x0 linker stubs

.vfp11_veneer   0x080003f0        0x0
 .vfp11_veneer  0x080003f0        0x0 linker stubs

.v4_bx          0x080003f0        0x0
 .v4_bx         0x080003f0        0x0 linker stubs

.iplt           0x080003f0        0x0
 .iplt          0x080003f0        0x0 app/main.o

.rel.dyn        0x080003f0        0x0
 .rel.iplt      0x080003f0        0x0 app/main.o

.preinit_array  0x080003f0        0x0
                0x080003f0                        . = ALIGN (0x4)
                0x080003f0                        __preinit_array_start = .
 *(.preinit_array)
                0x080003f0                        __preinit_array_end = .

.init_array     0x080003f0        0x0
                0x080003f0                        . = ALIGN (0x4)
                0x080003f0                        __init_array_start = .
 *(SORT_BY_NAME(.init_array.*))
 *(.init_array)
                0x080003f0                        __init_array_end = .

.fini_array     0x080003f0        0x0
                0x080003f0                        . = ALIGN (0x4)
                0x080003f0                        __fini_array_start = .
 *(.fini_array)
 *(SORT_BY_NAME(.fini_array.*))
                0x080003f0                        __fini_array_end = .

.ARM.extab
 *(.ARM.extab*)

.ARM.exidx      0x080003f0        0x0
                0x080003f0                        __exidx_start = .
 *(.ARM.exidx*)
                0x080003f0                        __exidx_end = .
                0x080003f0                        . = ALIGN (0x4)
                0x080003f0                        _etext = .

.noinit
 *(.noinit*)
                0x080003f0                        . = ALIGN (0x4)

.data           0x20000000        0x8 load address 0x080003f0
                0x20000000                        _data = .
 *(.data*)
 .data.rcc_apb1_frequency
                0x20000000        0x4 ./libopencm3//lib\libopencm3_stm32f0.a(rcc.o)
                0x20000000                rcc_apb1_frequency
 .data.rcc_ahb_frequency
                0x20000004        0x4 ./libopencm3//lib\libopencm3_stm32f0.a(rcc.o)
                0x20000004                rcc_ahb_frequency
 *(.ramtext*)
                0x20000008                        . = ALIGN (0x4)
                0x20000008                        _edata = .
                0x080003f0                        _data_loadaddr = LOADADDR (.data)

.igot.plt       0x20000008        0x0 load address 0x080003f8
 .igot.plt      0x20000008        0x0 app/main.o

.bss            0x20000008        0x0 load address 0x080003f8
 *(.bss*)
 *(COMMON)
                0x20000008                        . = ALIGN (0x4)
                0x20000008                        _ebss = .

/DISCARD/
 *(.eh_frame)
                0x20000008                        . = ALIGN (0x4)
                0x20000008                        end = .
                0x20002000                        PROVIDE (_stack = (ORIGIN (ram) + LENGTH (ram)))
OUTPUT(main.elf elf32-littlearm)
LOAD linker stubs

.debug_info     0x00000000     0x1a3c
 .debug_info    0x00000000      0x32c app/main.o
 .debug_info    0x0000032c      0x256 ./libopencm3//lib\libopencm3_stm32f0.a(gpio_common_all.o)
 .debug_info    0x00000582      0x23e ./libopencm3//lib\libopencm3_stm32f0.a(gpio_common_f0234.o)
 .debug_info    0x000007c0      0x949 ./libopencm3//lib\libopencm3_stm32f0.a(rcc.o)
 .debug_info    0x00001109      0x57f ./libopencm3//lib\libopencm3_stm32f0.a(rcc_common_all.o)
 .debug_info    0x00001688      0x2c3 ./libopencm3//lib\libopencm3_stm32f0.a(vector.o)
 .debug_info    0x0000194b       0xf1 ./libopencm3//lib\libopencm3_stm32f0.a(flash_common_all.o)

.debug_abbrev   0x00000000      0x95c
 .debug_abbrev  0x00000000      0x121 app/main.o
 .debug_abbrev  0x00000121      0x115 ./libopencm3//lib\libopencm3_stm32f0.a(gpio_common_all.o)
 .debug_abbrev  0x00000236       0xc3 ./libopencm3//lib\libopencm3_stm32f0.a(gpio_common_f0234.o)
 .debug_abbrev  0x000002f9      0x310 ./libopencm3//lib\libopencm3_stm32f0.a(rcc.o)
 .debug_abbrev  0x00000609      0x174 ./libopencm3//lib\libopencm3_stm32f0.a(rcc_common_all.o)
 .debug_abbrev  0x0000077d      0x149 ./libopencm3//lib\libopencm3_stm32f0.a(vector.o)
 .debug_abbrev  0x000008c6       0x96 ./libopencm3//lib\libopencm3_stm32f0.a(flash_common_all.o)

.debug_loclists
                0x00000000      0x653
 .debug_loclists
                0x00000000       0x47 app/main.o
 .debug_loclists
                0x00000047       0x96 ./libopencm3//lib\libopencm3_stm32f0.a(gpio_common_all.o)
 .debug_loclists
                0x000000dd      0x195 ./libopencm3//lib\libopencm3_stm32f0.a(gpio_common_f0234.o)
 .debug_loclists
                0x00000272      0x277 ./libopencm3//lib\libopencm3_stm32f0.a(rcc.o)
 .debug_loclists
                0x000004e9       0xa4 ./libopencm3//lib\libopencm3_stm32f0.a(rcc_common_all.o)
 .debug_loclists
                0x0000058d       0xaf ./libopencm3//lib\libopencm3_stm32f0.a(vector.o)
 .debug_loclists
                0x0000063c       0x17 ./libopencm3//lib\libopencm3_stm32f0.a(flash_common_all.o)

.debug_aranges  0x00000000      0x2c0
 .debug_aranges
                0x00000000       0x20 app/main.o
 .debug_aranges
                0x00000020       0x50 ./libopencm3//lib\libopencm3_stm32f0.a(gpio_common_all.o)
 .debug_aranges
                0x00000070       0x30 ./libopencm3//lib\libopencm3_stm32f0.a(gpio_common_f0234.o)
 .debug_aranges
                0x000000a0      0x138 ./libopencm3//lib\libopencm3_stm32f0.a(rcc.o)
 .debug_aranges
                0x000001d8       0x80 ./libopencm3//lib\libopencm3_stm32f0.a(rcc_common_all.o)
 .debug_aranges
                0x00000258       0x30 ./libopencm3//lib\libopencm3_stm32f0.a(vector.o)
 .debug_aranges
                0x00000288       0x38 ./libopencm3//lib\libopencm3_stm32f0.a(flash_common_all.o)

.debug_rnglists
                0x00000000      0x218
 .debug_rnglists
                0x00000000       0x2b app/main.o
 .debug_rnglists
                0x0000002b       0x37 ./libopencm3//lib\libopencm3_stm32f0.a(gpio_common_all.o)
 .debug_rnglists
                0x00000062       0x1f ./libopencm3//lib\libopencm3_stm32f0.a(gpio_common_f0234.o)
 .debug_rnglists
                0x00000081       0xf7 ./libopencm3//lib\libopencm3_stm32f0.a(rcc.o)
 .debug_rnglists
                0x00000178       0x5b ./libopencm3//lib\libopencm3_stm32f0.a(rcc_common_all.o)
 .debug_rnglists
                0x000001d3       0x20 ./libopencm3//lib\libopencm3_stm32f0.a(vector.o)
 .debug_rnglists
                0x000001f3       0x25 ./libopencm3//lib\libopencm3_stm32f0.a(flash_common_all.o)

.debug_macro    0x00000000     0x2d92
 .debug_macro   0x00000000       0xee app/main.o
 .debug_macro   0x000000ee      0xaa2 app/main.o
 .debug_macro   0x00000b90       0x1c app/main.o
 .debug_macro   0x00000bac       0x22 app/main.o
 .debug_macro   0x00000bce       0x56 app/main.o
 .debug_macro   0x00000c24       0x51 app/main.o
 .debug_macro   0x00000c75      0x103 app/main.o
 .debug_macro   0x00000d78       0x6a app/main.o
 .debug_macro   0x00000de2      0x1df app/main.o
 .debug_macro   0x00000fc1       0x22 app/main.o
 .debug_macro   0x00000fe3       0xe8 app/main.o
 .debug_macro   0x000010cb       0x52 app/main.o
 .debug_macro   0x0000111d      0x178 app/main.o
 .debug_macro   0x00001295      0x780 app/main.o
 .debug_macro   0x00001a15       0x76 app/main.o
 .debug_macro   0x00001a8b      0x37e app/main.o
 .debug_macro   0x00001e09       0xca app/main.o
 .debug_macro   0x00001ed3       0x3a app/main.o
 .debug_macro   0x00001f0d       0xd6 ./libopencm3//lib\libopencm3_stm32f0.a(gpio_common_all.o)
 .debug_macro   0x00001fe3       0xd6 ./libopencm3//lib\libopencm3_stm32f0.a(gpio_common_f0234.o)
 .debug_macro   0x000020b9      0x10d ./libopencm3//lib\libopencm3_stm32f0.a(rcc.o)
 .debug_macro   0x000021c6       0x16 ./libopencm3//lib\libopencm3_stm32f0.a(rcc.o)
 .debug_macro   0x000021dc       0xee ./libopencm3//lib\libopencm3_stm32f0.a(rcc.o)
 .debug_macro   0x000022ca       0xd0 ./libopencm3//lib\libopencm3_stm32f0.a(rcc.o)
 .debug_macro   0x0000239a      0x189 ./libopencm3//lib\libopencm3_stm32f0.a(rcc.o)
 .debug_macro   0x00002523      0x360 ./libopencm3//lib\libopencm3_stm32f0.a(rcc.o)
 .debug_macro   0x00002883       0xce ./libopencm3//lib\libopencm3_stm32f0.a(rcc_common_all.o)
 .debug_macro   0x00002951       0xcf ./libopencm3//lib\libopencm3_stm32f0.a(vector.o)
 .debug_macro   0x00002a20      0x19f ./libopencm3//lib\libopencm3_stm32f0.a(vector.o)
 .debug_macro   0x00002bbf       0x49 ./libopencm3//lib\libopencm3_stm32f0.a(vector.o)
 .debug_macro   0x00002c08       0xca ./libopencm3//lib\libopencm3_stm32f0.a(vector.o)
 .debug_macro   0x00002cd2       0xc0 ./libopencm3//lib\libopencm3_stm32f0.a(flash_common_all.o)

.debug_line     0x00000000     0x2813
 .debug_line    0x00000000      0x3e5 app/main.o
 .debug_line    0x000003e5      0x474 ./libopencm3//lib\libopencm3_stm32f0.a(gpio_common_all.o)
 .debug_line    0x00000859      0x557 ./libopencm3//lib\libopencm3_stm32f0.a(gpio_common_f0234.o)
 .debug_line    0x00000db0      0xd08 ./libopencm3//lib\libopencm3_stm32f0.a(rcc.o)
 .debug_line    0x00001ab8      0x519 ./libopencm3//lib\libopencm3_stm32f0.a(rcc_common_all.o)
 .debug_line    0x00001fd1      0x44e ./libopencm3//lib\libopencm3_stm32f0.a(vector.o)
 .debug_line    0x0000241f      0x3f4 ./libopencm3//lib\libopencm3_stm32f0.a(flash_common_all.o)

.debug_str      0x00000000     0xbc63
 .debug_str     0x00000000     0xbc63 app/main.o
                               0x8626 (size before relaxing)
 .debug_str     0x0000bc63     0x5fee ./libopencm3//lib\libopencm3_stm32f0.a(gpio_common_all.o)
 .debug_str     0x0000bc63     0x6010 ./libopencm3//lib\libopencm3_stm32f0.a(gpio_common_f0234.o)
 .debug_str     0x0000bc63     0x8fae ./libopencm3//lib\libopencm3_stm32f0.a(rcc.o)
 .debug_str     0x0000bc63     0x74cc ./libopencm3//lib\libopencm3_stm32f0.a(rcc_common_all.o)
 .debug_str     0x0000bc63     0x5423 ./libopencm3//lib\libopencm3_stm32f0.a(vector.o)
 .debug_str     0x0000bc63     0x54b3 ./libopencm3//lib\libopencm3_stm32f0.a(flash_common_all.o)

.comment        0x00000000       0x45
 .comment       0x00000000       0x45 app/main.o
                                 0x46 (size before relaxing)
 .comment       0x00000045       0x46 ./libopencm3//lib\libopencm3_stm32f0.a(gpio_common_all.o)
 .comment       0x00000045       0x46 ./libopencm3//lib\libopencm3_stm32f0.a(gpio_common_f0234.o)
 .comment       0x00000045       0x46 ./libopencm3//lib\libopencm3_stm32f0.a(rcc.o)
 .comment       0x00000045       0x46 ./libopencm3//lib\libopencm3_stm32f0.a(rcc_common_all.o)
 .comment       0x00000045       0x46 ./libopencm3//lib\libopencm3_stm32f0.a(vector.o)
 .comment       0x00000045       0x46 ./libopencm3//lib\libopencm3_stm32f0.a(flash_common_all.o)

.ARM.attributes
                0x00000000       0x2c
 .ARM.attributes
                0x00000000       0x2c app/main.o
 .ARM.attributes
                0x0000002c       0x2c ./libopencm3//lib\libopencm3_stm32f0.a(gpio_common_all.o)
 .ARM.attributes
                0x00000058       0x2c ./libopencm3//lib\libopencm3_stm32f0.a(gpio_common_f0234.o)
 .ARM.attributes
                0x00000084       0x2c ./libopencm3//lib\libopencm3_stm32f0.a(rcc.o)
 .ARM.attributes
                0x000000b0       0x2c ./libopencm3//lib\libopencm3_stm32f0.a(rcc_common_all.o)
 .ARM.attributes
                0x000000dc       0x2c ./libopencm3//lib\libopencm3_stm32f0.a(vector.o)
 .ARM.attributes
                0x00000108       0x2c ./libopencm3//lib\libopencm3_stm32f0.a(flash_common_all.o)
 .ARM.attributes
                0x00000134       0x1e C:/Program Files (x86)/Arm GNU Toolchain arm-none-eabi/13.3 rel1/bin/../lib/gcc/arm-none-eabi/13.3.1/thumb/v6-m/nofp\libgcc.a(_thumb1_case_uqi.o)

.debug_frame    0x00000000      0x57c
 .debug_frame   0x00000000       0x28 app/main.o
 .debug_frame   0x00000028       0x80 ./libopencm3//lib\libopencm3_stm32f0.a(gpio_common_all.o)
 .debug_frame   0x000000a8       0x78 ./libopencm3//lib\libopencm3_stm32f0.a(gpio_common_f0234.o)
 .debug_frame   0x00000120      0x2d4 ./libopencm3//lib\libopencm3_stm32f0.a(rcc.o)
 .debug_frame   0x000003f4       0xf0 ./libopencm3//lib\libopencm3_stm32f0.a(rcc_common_all.o)
 .debug_frame   0x000004e4       0x48 ./libopencm3//lib\libopencm3_stm32f0.a(vector.o)
 .debug_frame   0x0000052c       0x50 ./libopencm3//lib\libopencm3_stm32f0.a(flash_common_all.o)

.debug_line_str
                0x00000000       0xc9
 .debug_line_str
                0x00000000       0xc9 C:/Program Files (x86)/Arm GNU Toolchain arm-none-eabi/13.3 rel1/bin/../lib/gcc/arm-none-eabi/13.3.1/thumb/v6-m/nofp\libgcc.a(_thumb1_case_uqi.o)

Cross Reference Table

Symbol                                            File
__fini_array_end                                  ./libopencm3//lib\libopencm3_stm32f0.a(vector.o)
__fini_array_start                                ./libopencm3//lib\libopencm3_stm32f0.a(vector.o)
__gnu_thumb1_case_uqi                             C:/Program Files (x86)/Arm GNU Toolchain arm-none-eabi/13.3 rel1/bin/../lib/gcc/arm-none-eabi/13.3.1/thumb/v6-m/nofp\libgcc.a(_thumb1_case_uqi.o)
                                                  ./libopencm3//lib\libopencm3_stm32f0.a(rcc.o)
__init_array_end                                  ./libopencm3//lib\libopencm3_stm32f0.a(vector.o)
__init_array_start                                ./libopencm3//lib\libopencm3_stm32f0.a(vector.o)
__preinit_array_end                               ./libopencm3//lib\libopencm3_stm32f0.a(vector.o)
__preinit_array_start                             ./libopencm3//lib\libopencm3_stm32f0.a(vector.o)
_data                                             ./libopencm3//lib\libopencm3_stm32f0.a(vector.o)
_data_loadaddr                                    ./libopencm3//lib\libopencm3_stm32f0.a(vector.o)
_ebss                                             ./libopencm3//lib\libopencm3_stm32f0.a(vector.o)
_edata                                            ./libopencm3//lib\libopencm3_stm32f0.a(vector.o)
_stack                                            ./libopencm3//lib\libopencm3_stm32f0.a(vector.o)
adc_comp_isr                                      ./libopencm3//lib\libopencm3_stm32f0.a(vector.o)
blocking_handler                                  ./libopencm3//lib\libopencm3_stm32f0.a(vector.o)
cec_can_isr                                       ./libopencm3//lib\libopencm3_stm32f0.a(vector.o)
cm3_assert_failed                                 ./libopencm3//lib\libopencm3_stm32f0.a(assert.o)
                                                  ./libopencm3//lib\libopencm3_stm32f0.a(rcc.o)
cm3_assert_failed_verbose                         ./libopencm3//lib\libopencm3_stm32f0.a(assert.o)
dma1_channel1_isr                                 ./libopencm3//lib\libopencm3_stm32f0.a(vector.o)
dma1_channel2_3_dma2_channel1_2_isr               ./libopencm3//lib\libopencm3_stm32f0.a(vector.o)
dma1_channel4_7_dma2_channel3_5_isr               ./libopencm3//lib\libopencm3_stm32f0.a(vector.o)
exti0_1_isr                                       ./libopencm3//lib\libopencm3_stm32f0.a(vector.o)
exti2_3_isr                                       ./libopencm3//lib\libopencm3_stm32f0.a(vector.o)
exti4_15_isr                                      ./libopencm3//lib\libopencm3_stm32f0.a(vector.o)
flash_isr                                         ./libopencm3//lib\libopencm3_stm32f0.a(vector.o)
flash_prefetch_disable                            ./libopencm3//lib\libopencm3_stm32f0.a(flash_common_all.o)
flash_prefetch_enable                             ./libopencm3//lib\libopencm3_stm32f0.a(flash_common_all.o)
                                                  ./libopencm3//lib\libopencm3_stm32f0.a(rcc.o)
flash_set_ws                                      ./libopencm3//lib\libopencm3_stm32f0.a(flash_common_all.o)
                                                  ./libopencm3//lib\libopencm3_stm32f0.a(rcc.o)
flash_unlock_option_bytes                         ./libopencm3//lib\libopencm3_stm32f0.a(flash_common_all.o)
gpio_clear                                        ./libopencm3//lib\libopencm3_stm32f0.a(gpio_common_all.o)
gpio_get                                          ./libopencm3//lib\libopencm3_stm32f0.a(gpio_common_all.o)
gpio_mode_setup                                   ./libopencm3//lib\libopencm3_stm32f0.a(gpio_common_f0234.o)
                                                  app/main.o
gpio_port_config_lock                             ./libopencm3//lib\libopencm3_stm32f0.a(gpio_common_all.o)
gpio_port_read                                    ./libopencm3//lib\libopencm3_stm32f0.a(gpio_common_all.o)
gpio_port_write                                   ./libopencm3//lib\libopencm3_stm32f0.a(gpio_common_all.o)
gpio_set                                          ./libopencm3//lib\libopencm3_stm32f0.a(gpio_common_all.o)
gpio_set_af                                       ./libopencm3//lib\libopencm3_stm32f0.a(gpio_common_f0234.o)
gpio_set_output_options                           ./libopencm3//lib\libopencm3_stm32f0.a(gpio_common_f0234.o)
gpio_toggle                                       ./libopencm3//lib\libopencm3_stm32f0.a(gpio_common_all.o)
                                                  app/main.o
hard_fault_handler                                ./libopencm3//lib\libopencm3_stm32f0.a(vector.o)
i2c1_isr                                          ./libopencm3//lib\libopencm3_stm32f0.a(vector.o)
i2c2_isr                                          ./libopencm3//lib\libopencm3_stm32f0.a(vector.o)
main                                              app/main.o
                                                  ./libopencm3//lib\libopencm3_stm32f0.a(vector.o)
nmi_handler                                       ./libopencm3//lib\libopencm3_stm32f0.a(vector.o)
null_handler                                      ./libopencm3//lib\libopencm3_stm32f0.a(vector.o)
pend_sv_handler                                   ./libopencm3//lib\libopencm3_stm32f0.a(vector.o)
pvd_isr                                           ./libopencm3//lib\libopencm3_stm32f0.a(vector.o)
rcc_ahb_frequency                                 ./libopencm3//lib\libopencm3_stm32f0.a(rcc.o)
rcc_apb1_frequency                                ./libopencm3//lib\libopencm3_stm32f0.a(rcc.o)
rcc_clock_setup_in_hse_8mhz_out_48mhz             ./libopencm3//lib\libopencm3_stm32f0.a(rcc.o)
rcc_clock_setup_in_hsi48_out_48mhz                ./libopencm3//lib\libopencm3_stm32f0.a(rcc.o)
rcc_clock_setup_in_hsi_out_48mhz                  ./libopencm3//lib\libopencm3_stm32f0.a(rcc.o)
                                                  app/main.o
rcc_css_disable                                   ./libopencm3//lib\libopencm3_stm32f0.a(rcc.o)
rcc_css_enable                                    ./libopencm3//lib\libopencm3_stm32f0.a(rcc.o)
rcc_css_int_clear                                 ./libopencm3//lib\libopencm3_stm32f0.a(rcc.o)
rcc_css_int_flag                                  ./libopencm3//lib\libopencm3_stm32f0.a(rcc.o)
rcc_disable_rtc_clock                             ./libopencm3//lib\libopencm3_stm32f0.a(rcc.o)
rcc_enable_rtc_clock                              ./libopencm3//lib\libopencm3_stm32f0.a(rcc.o)
rcc_get_div_from_hpre                             ./libopencm3//lib\libopencm3_stm32f0.a(rcc_common_all.o)
                                                  ./libopencm3//lib\libopencm3_stm32f0.a(rcc.o)
rcc_get_i2c_clk_freq                              ./libopencm3//lib\libopencm3_stm32f0.a(rcc.o)
rcc_get_i2c_clocks                                ./libopencm3//lib\libopencm3_stm32f0.a(rcc.o)
rcc_get_spi_clk_freq                              ./libopencm3//lib\libopencm3_stm32f0.a(rcc.o)
rcc_get_timer_clk_freq                            ./libopencm3//lib\libopencm3_stm32f0.a(rcc.o)
rcc_get_usart_clk_freq                            ./libopencm3//lib\libopencm3_stm32f0.a(rcc.o)
rcc_is_osc_ready                                  ./libopencm3//lib\libopencm3_stm32f0.a(rcc.o)
rcc_isr                                           ./libopencm3//lib\libopencm3_stm32f0.a(vector.o)
rcc_osc_bypass_disable                            ./libopencm3//lib\libopencm3_stm32f0.a(rcc_common_all.o)
rcc_osc_bypass_enable                             ./libopencm3//lib\libopencm3_stm32f0.a(rcc_common_all.o)
rcc_osc_off                                       ./libopencm3//lib\libopencm3_stm32f0.a(rcc.o)
rcc_osc_on                                        ./libopencm3//lib\libopencm3_stm32f0.a(rcc.o)
rcc_osc_ready_int_clear                           ./libopencm3//lib\libopencm3_stm32f0.a(rcc.o)
rcc_osc_ready_int_disable                         ./libopencm3//lib\libopencm3_stm32f0.a(rcc.o)
rcc_osc_ready_int_enable                          ./libopencm3//lib\libopencm3_stm32f0.a(rcc.o)
rcc_osc_ready_int_flag                            ./libopencm3//lib\libopencm3_stm32f0.a(rcc.o)
rcc_periph_clock_disable                          ./libopencm3//lib\libopencm3_stm32f0.a(rcc_common_all.o)
rcc_periph_clock_enable                           ./libopencm3//lib\libopencm3_stm32f0.a(rcc_common_all.o)
                                                  app/main.o
rcc_periph_reset_hold                             ./libopencm3//lib\libopencm3_stm32f0.a(rcc_common_all.o)
rcc_periph_reset_pulse                            ./libopencm3//lib\libopencm3_stm32f0.a(rcc_common_all.o)
rcc_periph_reset_release                          ./libopencm3//lib\libopencm3_stm32f0.a(rcc_common_all.o)
rcc_peripheral_clear_reset                        ./libopencm3//lib\libopencm3_stm32f0.a(rcc_common_all.o)
rcc_peripheral_disable_clock                      ./libopencm3//lib\libopencm3_stm32f0.a(rcc_common_all.o)
rcc_peripheral_enable_clock                       ./libopencm3//lib\libopencm3_stm32f0.a(rcc_common_all.o)
rcc_peripheral_reset                              ./libopencm3//lib\libopencm3_stm32f0.a(rcc_common_all.o)
rcc_set_hpre                                      ./libopencm3//lib\libopencm3_stm32f0.a(rcc.o)
rcc_set_i2c_clock_hsi                             ./libopencm3//lib\libopencm3_stm32f0.a(rcc.o)
rcc_set_i2c_clock_sysclk                          ./libopencm3//lib\libopencm3_stm32f0.a(rcc.o)
rcc_set_mco                                       ./libopencm3//lib\libopencm3_stm32f0.a(rcc_common_all.o)
rcc_set_pll_multiplication_factor                 ./libopencm3//lib\libopencm3_stm32f0.a(rcc.o)
rcc_set_pll_source                                ./libopencm3//lib\libopencm3_stm32f0.a(rcc.o)
rcc_set_pllxtpre                                  ./libopencm3//lib\libopencm3_stm32f0.a(rcc.o)
rcc_set_ppre                                      ./libopencm3//lib\libopencm3_stm32f0.a(rcc.o)
rcc_set_prediv                                    ./libopencm3//lib\libopencm3_stm32f0.a(rcc.o)
rcc_set_rtc_clock_source                          ./libopencm3//lib\libopencm3_stm32f0.a(rcc.o)
rcc_set_sysclk_source                             ./libopencm3//lib\libopencm3_stm32f0.a(rcc.o)
rcc_set_usbclk_source                             ./libopencm3//lib\libopencm3_stm32f0.a(rcc.o)
rcc_system_clock_source                           ./libopencm3//lib\libopencm3_stm32f0.a(rcc.o)
rcc_usb_clock_source                              ./libopencm3//lib\libopencm3_stm32f0.a(rcc.o)
rcc_wait_for_osc_ready                            ./libopencm3//lib\libopencm3_stm32f0.a(rcc.o)
reset_handler                                     ./libopencm3//lib\libopencm3_stm32f0.a(vector.o)
rtc_isr                                           ./libopencm3//lib\libopencm3_stm32f0.a(vector.o)
spi1_isr                                          ./libopencm3//lib\libopencm3_stm32f0.a(vector.o)
spi2_isr                                          ./libopencm3//lib\libopencm3_stm32f0.a(vector.o)
sv_call_handler                                   ./libopencm3//lib\libopencm3_stm32f0.a(vector.o)
sys_tick_handler                                  ./libopencm3//lib\libopencm3_stm32f0.a(vector.o)
tim14_isr                                         ./libopencm3//lib\libopencm3_stm32f0.a(vector.o)
tim15_isr                                         ./libopencm3//lib\libopencm3_stm32f0.a(vector.o)
tim16_isr                                         ./libopencm3//lib\libopencm3_stm32f0.a(vector.o)
tim17_isr                                         ./libopencm3//lib\libopencm3_stm32f0.a(vector.o)
tim1_brk_up_trg_com_isr                           ./libopencm3//lib\libopencm3_stm32f0.a(vector.o)
tim1_cc_isr                                       ./libopencm3//lib\libopencm3_stm32f0.a(vector.o)
tim2_isr                                          ./libopencm3//lib\libopencm3_stm32f0.a(vector.o)
tim3_isr                                          ./libopencm3//lib\libopencm3_stm32f0.a(vector.o)
tim6_dac_isr                                      ./libopencm3//lib\libopencm3_stm32f0.a(vector.o)
tim7_isr                                          ./libopencm3//lib\libopencm3_stm32f0.a(vector.o)
tsc_isr                                           ./libopencm3//lib\libopencm3_stm32f0.a(vector.o)
usart1_isr                                        ./libopencm3//lib\libopencm3_stm32f0.a(vector.o)
usart2_isr                                        ./libopencm3//lib\libopencm3_stm32f0.a(vector.o)
usart3_4_isr                                      ./libopencm3//lib\libopencm3_stm32f0.a(vector.o)
usb_isr                                           ./libopencm3//lib\libopencm3_stm32f0.a(vector.o)
vector_table                                      ./libopencm3//lib\libopencm3_stm32f0.a(vector.o)
wwdg_isr                                          ./libopencm3//lib\libopencm3_stm32f0.a(vector.o)
