Archive member included to satisfy reference by file (symbol)

./libopencm3//lib\libopencm3_stm32f0.a(gpio_common_all.o)
                              app/main.o (gpio_toggle)
./libopencm3//lib\libopencm3_stm32f0.a(gpio_common_f0234.o)
                              app/main.o (gpio_mode_setup)
./libopencm3//lib\libopencm3_stm32f0.a(rcc.o)
                              app/main.o (rcc_clock_setup_in_hse_8mhz_out_48mhz)
./libopencm3//lib\libopencm3_stm32f0.a(rcc_common_all.o)
                              app/main.o (rcc_periph_clock_enable)
./libopencm3//lib\libopencm3_stm32f0.a(timer_common_all.o)
                              app/timer.o (timer_set_mode)
./libopencm3//lib\libopencm3_stm32f0.a(vector.o)
                              (reset_handler)
./libopencm3//lib\libopencm3_stm32f0.a(systick.o)
                              app/main.o (systick_set_frequency)
./libopencm3//lib\libopencm3_stm32f0.a(assert.o)
                              ./libopencm3//lib\libopencm3_stm32f0.a(rcc.o) (cm3_assert_failed)
./libopencm3//lib\libopencm3_stm32f0.a(flash_common_all.o)
                              ./libopencm3//lib\libopencm3_stm32f0.a(rcc.o) (flash_prefetch_enable)
C:/Program Files (x86)/Arm GNU Toolchain arm-none-eabi/13.3 rel1/bin/../lib/gcc/arm-none-eabi/13.3.1/thumb/v6-m/nofp\libgcc.a(_thumb1_case_uqi.o)
                              ./libopencm3//lib\libopencm3_stm32f0.a(rcc.o) (__gnu_thumb1_case_uqi)
C:/Program Files (x86)/Arm GNU Toolchain arm-none-eabi/13.3 rel1/bin/../lib/gcc/arm-none-eabi/13.3.1/thumb/v6-m/nofp\libgcc.a(_udivsi3.o)
                              ./libopencm3//lib\libopencm3_stm32f0.a(systick.o) (__aeabi_uidiv)
C:/Program Files (x86)/Arm GNU Toolchain arm-none-eabi/13.3 rel1/bin/../lib/gcc/arm-none-eabi/13.3.1/thumb/v6-m/nofp\libgcc.a(_dvmd_tls.o)
                              C:/Program Files (x86)/Arm GNU Toolchain arm-none-eabi/13.3 rel1/bin/../lib/gcc/arm-none-eabi/13.3.1/thumb/v6-m/nofp\libgcc.a(_udivsi3.o) (__aeabi_idiv0)
C:/Program Files (x86)/Arm GNU Toolchain arm-none-eabi/13.3 rel1/bin/../lib/gcc/arm-none-eabi/13.3.1/thumb/v6-m/nofp\libgcc.a(_arm_cmpsf2.o)
                              app/main.o (__aeabi_fcmpeq)
C:/Program Files (x86)/Arm GNU Toolchain arm-none-eabi/13.3 rel1/bin/../lib/gcc/arm-none-eabi/13.3.1/thumb/v6-m/nofp\libgcc.a(_fixunssfsi.o)
                              app/timer.o (__aeabi_f2uiz)
C:/Program Files (x86)/Arm GNU Toolchain arm-none-eabi/13.3 rel1/bin/../lib/gcc/arm-none-eabi/13.3.1/thumb/v6-m/nofp\libgcc.a(addsf3.o)
                              app/main.o (__aeabi_fadd)
C:/Program Files (x86)/Arm GNU Toolchain arm-none-eabi/13.3 rel1/bin/../lib/gcc/arm-none-eabi/13.3.1/thumb/v6-m/nofp\libgcc.a(divsf3.o)
                              app/timer.o (__aeabi_fdiv)
C:/Program Files (x86)/Arm GNU Toolchain arm-none-eabi/13.3 rel1/bin/../lib/gcc/arm-none-eabi/13.3.1/thumb/v6-m/nofp\libgcc.a(eqsf2.o)
                              C:/Program Files (x86)/Arm GNU Toolchain arm-none-eabi/13.3 rel1/bin/../lib/gcc/arm-none-eabi/13.3.1/thumb/v6-m/nofp\libgcc.a(_arm_cmpsf2.o) (__eqsf2)
C:/Program Files (x86)/Arm GNU Toolchain arm-none-eabi/13.3 rel1/bin/../lib/gcc/arm-none-eabi/13.3.1/thumb/v6-m/nofp\libgcc.a(gesf2.o)
                              C:/Program Files (x86)/Arm GNU Toolchain arm-none-eabi/13.3 rel1/bin/../lib/gcc/arm-none-eabi/13.3.1/thumb/v6-m/nofp\libgcc.a(_arm_cmpsf2.o) (__gesf2)
C:/Program Files (x86)/Arm GNU Toolchain arm-none-eabi/13.3 rel1/bin/../lib/gcc/arm-none-eabi/13.3.1/thumb/v6-m/nofp\libgcc.a(lesf2.o)
                              C:/Program Files (x86)/Arm GNU Toolchain arm-none-eabi/13.3 rel1/bin/../lib/gcc/arm-none-eabi/13.3.1/thumb/v6-m/nofp\libgcc.a(_arm_cmpsf2.o) (__lesf2)
C:/Program Files (x86)/Arm GNU Toolchain arm-none-eabi/13.3 rel1/bin/../lib/gcc/arm-none-eabi/13.3.1/thumb/v6-m/nofp\libgcc.a(mulsf3.o)
                              app/timer.o (__aeabi_fmul)
C:/Program Files (x86)/Arm GNU Toolchain arm-none-eabi/13.3 rel1/bin/../lib/gcc/arm-none-eabi/13.3.1/thumb/v6-m/nofp\libgcc.a(subsf3.o)
                              C:/Program Files (x86)/Arm GNU Toolchain arm-none-eabi/13.3 rel1/bin/../lib/gcc/arm-none-eabi/13.3.1/thumb/v6-m/nofp\libgcc.a(_fixunssfsi.o) (__aeabi_fsub)
C:/Program Files (x86)/Arm GNU Toolchain arm-none-eabi/13.3 rel1/bin/../lib/gcc/arm-none-eabi/13.3.1/thumb/v6-m/nofp\libgcc.a(fixsfsi.o)
                              C:/Program Files (x86)/Arm GNU Toolchain arm-none-eabi/13.3 rel1/bin/../lib/gcc/arm-none-eabi/13.3.1/thumb/v6-m/nofp\libgcc.a(_fixunssfsi.o) (__aeabi_f2iz)
C:/Program Files (x86)/Arm GNU Toolchain arm-none-eabi/13.3 rel1/bin/../lib/gcc/arm-none-eabi/13.3.1/thumb/v6-m/nofp\libgcc.a(_clzsi2.o)
                              C:/Program Files (x86)/Arm GNU Toolchain arm-none-eabi/13.3 rel1/bin/../lib/gcc/arm-none-eabi/13.3.1/thumb/v6-m/nofp\libgcc.a(addsf3.o) (__clzsi2)

Discarded input sections

 .group         0x00000000        0xc app/main.o
 .group         0x00000000        0xc app/main.o
[...]
Memory Configuration

Name             Origin             Length             Attributes
rom              0x08000000         0x00010000         xr
ram              0x20000000         0x00002000         rw
*default*        0x00000000         0xffffffff

Linker script and memory map

LOAD app/main.o
LOAD app/timer.o
LOAD ./libopencm3//lib\libopencm3_stm32f0.a
START GROUP
LOAD C:/Program Files (x86)/Arm GNU Toolchain arm-none-eabi/13.3 rel1/bin/../lib/gcc/arm-none-eabi/13.3.1/thumb/v6-m/nofp\libc.a
LOAD C:/Program Files (x86)/Arm GNU Toolchain arm-none-eabi/13.3 rel1/bin/../lib/gcc/arm-none-eabi/13.3.1/thumb/v6-m/nofp\libgcc.a
LOAD C:/Program Files (x86)/Arm GNU Toolchain arm-none-eabi/13.3 rel1/bin/../lib/gcc/arm-none-eabi/13.3.1/thumb/v6-m/nofp\libnosys.a
END GROUP
START GROUP
LOAD C:/Program Files (x86)/Arm GNU Toolchain arm-none-eabi/13.3 rel1/bin/../lib/gcc/arm-none-eabi/13.3.1/thumb/v6-m/nofp\libgcc.a
LOAD C:/Program Files (x86)/Arm GNU Toolchain arm-none-eabi/13.3 rel1/bin/../lib/gcc/arm-none-eabi/13.3.1/thumb/v6-m/nofp\libg.a
LOAD C:/Program Files (x86)/Arm GNU Toolchain arm-none-eabi/13.3 rel1/bin/../lib/gcc/arm-none-eabi/13.3.1/thumb/v6-m/nofp\libc.a
END GROUP

.text           0x08000000     0x1784
 *(.vectors)
 .vectors       0x08000000       0xc0 ./libopencm3//lib\libopencm3_stm32f0.a(vector.o)
                0x08000000                vector_table
 *(.text*)
 .text.sys_tick_handler
                0x080000c0       0x10 app/main.o
                0x080000c0                sys_tick_handler
 .text.startup.main
                0x080000d0       0xc8 app/main.o
                0x080000d0                main
 .text.setup_timer
                0x08000198       0x4c app/timer.o
                0x08000198                setup_timer
 .text.set_duty_cycle
                0x080001e4       0x2c app/timer.o
                0x080001e4                set_duty_cycle
 .text.gpio_toggle
                0x08000210       0x10 ./libopencm3//lib\libopencm3_stm32f0.a(gpio_common_all.o)
                0x08000210                gpio_toggle
 .text.gpio_mode_setup
                0x08000220       0x40 ./libopencm3//lib\libopencm3_stm32f0.a(gpio_common_f0234.o)
                0x08000220                gpio_mode_setup
 .text.gpio_set_af
                0x08000260       0x58 ./libopencm3//lib\libopencm3_stm32f0.a(gpio_common_f0234.o)
                0x08000260                gpio_set_af
 .text.rcc_is_osc_ready
                0x080002b8       0x54 ./libopencm3//lib\libopencm3_stm32f0.a(rcc.o)
                0x080002b8                rcc_is_osc_ready
 .text.rcc_wait_for_osc_ready
                0x0800030c       0x10 ./libopencm3//lib\libopencm3_stm32f0.a(rcc.o)
                0x0800030c                rcc_wait_for_osc_ready
 .text.rcc_osc_on
                0x0800031c       0x54 ./libopencm3//lib\libopencm3_stm32f0.a(rcc.o)
                0x0800031c                rcc_osc_on
 .text.rcc_set_sysclk_source
                0x08000370       0x48 ./libopencm3//lib\libopencm3_stm32f0.a(rcc.o)
                0x08000370                rcc_set_sysclk_source
 .text.rcc_set_pll_multiplication_factor
                0x080003b8       0x18 ./libopencm3//lib\libopencm3_stm32f0.a(rcc.o)
                0x080003b8                rcc_set_pll_multiplication_factor
 .text.rcc_set_pll_source
                0x080003d0       0x18 ./libopencm3//lib\libopencm3_stm32f0.a(rcc.o)
                0x080003d0                rcc_set_pll_source
 .text.rcc_set_pllxtpre
                0x080003e8       0x18 ./libopencm3//lib\libopencm3_stm32f0.a(rcc.o)
                0x080003e8                rcc_set_pllxtpre
 .text.rcc_set_ppre
                0x08000400       0x18 ./libopencm3//lib\libopencm3_stm32f0.a(rcc.o)
                0x08000400                rcc_set_ppre
 .text.rcc_set_hpre
                0x08000418       0x14 ./libopencm3//lib\libopencm3_stm32f0.a(rcc.o)
                0x08000418                rcc_set_hpre
 .text.rcc_clock_setup_in_hse_8mhz_out_48mhz
                0x0800042c       0x74 ./libopencm3//lib\libopencm3_stm32f0.a(rcc.o)
                0x0800042c                rcc_clock_setup_in_hse_8mhz_out_48mhz
 .text.rcc_periph_clock_enable
                0x080004a0       0x1c ./libopencm3//lib\libopencm3_stm32f0.a(rcc_common_all.o)
                0x080004a0                rcc_periph_clock_enable
 .text.timer_set_mode
                0x080004bc       0x18 ./libopencm3//lib\libopencm3_stm32f0.a(timer_common_all.o)
                0x080004bc                timer_set_mode
 .text.timer_enable_counter
                0x080004d4        0xa ./libopencm3//lib\libopencm3_stm32f0.a(timer_common_all.o)
                0x080004d4                timer_enable_counter
 .text.timer_set_prescaler
                0x080004de        0x4 ./libopencm3//lib\libopencm3_stm32f0.a(timer_common_all.o)
                0x080004de                timer_set_prescaler
 .text.timer_set_period
                0x080004e2        0x4 ./libopencm3//lib\libopencm3_stm32f0.a(timer_common_all.o)
                0x080004e2                timer_set_period
 *fill*         0x080004e6        0x2 
 .text.timer_set_oc_mode
                0x080004e8      0x180 ./libopencm3//lib\libopencm3_stm32f0.a(timer_common_all.o)
                0x080004e8                timer_set_oc_mode
 .text.timer_enable_oc_output
                0x08000668       0x3e ./libopencm3//lib\libopencm3_stm32f0.a(timer_common_all.o)
                0x08000668                timer_enable_oc_output
 .text.timer_set_oc_value
                0x080006a6       0x26 ./libopencm3//lib\libopencm3_stm32f0.a(timer_common_all.o)
                0x080006a6                timer_set_oc_value
 .text.blocking_handler
                0x080006cc        0x2 ./libopencm3//lib\libopencm3_stm32f0.a(vector.o)
                0x080006cc                dma1_channel2_3_dma2_channel1_2_isr
                0x080006cc                rtc_isr
                0x080006cc                tim7_isr
                0x080006cc                dma1_channel4_7_dma2_channel3_5_isr
                0x080006cc                blocking_handler
                0x080006cc                tsc_isr
                0x080006cc                spi1_isr
                0x080006cc                i2c1_isr
                0x080006cc                tim17_isr
                0x080006cc                i2c2_isr
                0x080006cc                usart1_isr
                0x080006cc                usart3_4_isr
                0x080006cc                tim1_cc_isr
                0x080006cc                exti2_3_isr
                0x080006cc                tim16_isr
                0x080006cc                pvd_isr
                0x080006cc                rcc_isr
                0x080006cc                flash_isr
                0x080006cc                hard_fault_handler
                0x080006cc                tim14_isr
                0x080006cc                spi2_isr
                0x080006cc                usb_isr
                0x080006cc                tim15_isr
                0x080006cc                tim3_isr
                0x080006cc                usart2_isr
                0x080006cc                adc_comp_isr
                0x080006cc                dma1_channel1_isr
                0x080006cc                tim6_dac_isr
                0x080006cc                tim1_brk_up_trg_com_isr
                0x080006cc                exti4_15_isr
                0x080006cc                cec_can_isr
                0x080006cc                wwdg_isr
                0x080006cc                tim2_isr
                0x080006cc                exti0_1_isr
 .text.null_handler
                0x080006ce        0x2 ./libopencm3//lib\libopencm3_stm32f0.a(vector.o)
                0x080006ce                sv_call_handler
                0x080006ce                pend_sv_handler
                0x080006ce                nmi_handler
                0x080006ce                null_handler
 .text.reset_handler
                0x080006d0       0x88 ./libopencm3//lib\libopencm3_stm32f0.a(vector.o)
                0x080006d0                reset_handler
 .text.systick_set_clocksource
                0x08000758       0x14 ./libopencm3//lib\libopencm3_stm32f0.a(systick.o)
                0x08000758                systick_set_clocksource
 .text.systick_set_frequency
                0x0800076c       0x28 ./libopencm3//lib\libopencm3_stm32f0.a(systick.o)
                0x0800076c                systick_set_frequency
 .text.systick_interrupt_enable
                0x08000794       0x10 ./libopencm3//lib\libopencm3_stm32f0.a(systick.o)
                0x08000794                systick_interrupt_enable
 .text.systick_counter_enable
                0x080007a4       0x10 ./libopencm3//lib\libopencm3_stm32f0.a(systick.o)
                0x080007a4                systick_counter_enable
 .text.flash_prefetch_enable
                0x080007b4       0x10 ./libopencm3//lib\libopencm3_stm32f0.a(flash_common_all.o)
                0x080007b4                flash_prefetch_enable
 .text.flash_set_ws
                0x080007c4       0x14 ./libopencm3//lib\libopencm3_stm32f0.a(flash_common_all.o)
                0x080007c4                flash_set_ws
 .text          0x080007d8       0x14 C:/Program Files (x86)/Arm GNU Toolchain arm-none-eabi/13.3 rel1/bin/../lib/gcc/arm-none-eabi/13.3.1/thumb/v6-m/nofp\libgcc.a(_thumb1_case_uqi.o)
                0x080007d8                __gnu_thumb1_case_uqi
 .text          0x080007ec      0x114 C:/Program Files (x86)/Arm GNU Toolchain arm-none-eabi/13.3 rel1/bin/../lib/gcc/arm-none-eabi/13.3.1/thumb/v6-m/nofp\libgcc.a(_udivsi3.o)
                0x080007ec                __aeabi_uidiv
                0x080007ec                __udivsi3
                0x080008f8                __aeabi_uidivmod
 .text          0x08000900        0x4 C:/Program Files (x86)/Arm GNU Toolchain arm-none-eabi/13.3 rel1/bin/../lib/gcc/arm-none-eabi/13.3.1/thumb/v6-m/nofp\libgcc.a(_dvmd_tls.o)
                0x08000900                __aeabi_idiv0
                0x08000900                __aeabi_ldiv0
 .text          0x08000904       0x74 C:/Program Files (x86)/Arm GNU Toolchain arm-none-eabi/13.3 rel1/bin/../lib/gcc/arm-none-eabi/13.3.1/thumb/v6-m/nofp\libgcc.a(_arm_cmpsf2.o)
                0x08000904                __aeabi_cfrcmple
                0x0800090c                __aeabi_cfcmpeq
                0x0800090c                __aeabi_cfcmple
                0x0800091c                __aeabi_fcmpeq
                0x08000928                __aeabi_fcmplt
                0x0800093c                __aeabi_fcmple
                0x08000950                __aeabi_fcmpgt
                0x08000964                __aeabi_fcmpge
 .text.__fixunssfsi
                0x08000978       0x30 C:/Program Files (x86)/Arm GNU Toolchain arm-none-eabi/13.3 rel1/bin/../lib/gcc/arm-none-eabi/13.3.1/thumb/v6-m/nofp\libgcc.a(_fixunssfsi.o)
                0x08000978                __fixunssfsi
                0x08000978                __aeabi_f2uiz
 .text.__aeabi_fadd
                0x080009a8      0x340 C:/Program Files (x86)/Arm GNU Toolchain arm-none-eabi/13.3 rel1/bin/../lib/gcc/arm-none-eabi/13.3.1/thumb/v6-m/nofp\libgcc.a(addsf3.o)
                0x080009a8                __aeabi_fadd
 .text.__aeabi_fdiv
                0x08000ce8      0x224 C:/Program Files (x86)/Arm GNU Toolchain arm-none-eabi/13.3 rel1/bin/../lib/gcc/arm-none-eabi/13.3.1/thumb/v6-m/nofp\libgcc.a(divsf3.o)
                0x08000ce8                __aeabi_fdiv
 .text.__eqsf2  0x08000f0c       0x50 C:/Program Files (x86)/Arm GNU Toolchain arm-none-eabi/13.3 rel1/bin/../lib/gcc/arm-none-eabi/13.3.1/thumb/v6-m/nofp\libgcc.a(eqsf2.o)
                0x08000f0c                __eqsf2
                0x08000f0c                __nesf2
 .text.__gesf2  0x08000f5c       0x94 C:/Program Files (x86)/Arm GNU Toolchain arm-none-eabi/13.3 rel1/bin/../lib/gcc/arm-none-eabi/13.3.1/thumb/v6-m/nofp\libgcc.a(gesf2.o)
                0x08000f5c                __gesf2
                0x08000f5c                __gtsf2
 .text.__lesf2  0x08000ff0       0x90 C:/Program Files (x86)/Arm GNU Toolchain arm-none-eabi/13.3 rel1/bin/../lib/gcc/arm-none-eabi/13.3.1/thumb/v6-m/nofp\libgcc.a(lesf2.o)
                0x08000ff0                __ltsf2
                0x08000ff0                __lesf2
 .text.__aeabi_fmul
                0x08001080      0x280 C:/Program Files (x86)/Arm GNU Toolchain arm-none-eabi/13.3 rel1/bin/../lib/gcc/arm-none-eabi/13.3.1/thumb/v6-m/nofp\libgcc.a(mulsf3.o)
                0x08001080                __aeabi_fmul
 .text.__aeabi_fsub
                0x08001300      0x38c C:/Program Files (x86)/Arm GNU Toolchain arm-none-eabi/13.3 rel1/bin/../lib/gcc/arm-none-eabi/13.3.1/thumb/v6-m/nofp\libgcc.a(subsf3.o)
                0x08001300                __aeabi_fsub
 .text.__aeabi_f2iz
                0x0800168c       0x40 C:/Program Files (x86)/Arm GNU Toolchain arm-none-eabi/13.3 rel1/bin/../lib/gcc/arm-none-eabi/13.3.1/thumb/v6-m/nofp\libgcc.a(fixsfsi.o)
                0x0800168c                __aeabi_f2iz
 .text          0x080016cc       0x3c C:/Program Files (x86)/Arm GNU Toolchain arm-none-eabi/13.3 rel1/bin/../lib/gcc/arm-none-eabi/13.3.1/thumb/v6-m/nofp\libgcc.a(_clzsi2.o)
                0x080016cc                __clzsi2
                0x08001708                        . = ALIGN (0x4)
 *(.rodata*)
 .rodata.__aeabi_fdiv
                0x08001708       0x7c C:/Program Files (x86)/Arm GNU Toolchain arm-none-eabi/13.3 rel1/bin/../lib/gcc/arm-none-eabi/13.3.1/thumb/v6-m/nofp\libgcc.a(divsf3.o)
                0x08001784                        . = ALIGN (0x4)

.glue_7         0x08001784        0x0
 .glue_7        0x08001784        0x0 linker stubs

.glue_7t        0x08001784        0x0
 .glue_7t       0x08001784        0x0 linker stubs

.vfp11_veneer   0x08001784        0x0
 .vfp11_veneer  0x08001784        0x0 linker stubs

.v4_bx          0x08001784        0x0
 .v4_bx         0x08001784        0x0 linker stubs

.iplt           0x08001784        0x0
 .iplt          0x08001784        0x0 app/main.o

.rel.dyn        0x08001784        0x0
 .rel.iplt      0x08001784        0x0 app/main.o

.preinit_array  0x08001784        0x0
                0x08001784                        . = ALIGN (0x4)
                0x08001784                        __preinit_array_start = .
 *(.preinit_array)
                0x08001784                        __preinit_array_end = .

.init_array     0x08001784        0x0
                0x08001784                        . = ALIGN (0x4)
                0x08001784                        __init_array_start = .
 *(SORT_BY_NAME(.init_array.*))
 *(.init_array)
                0x08001784                        __init_array_end = .

.fini_array     0x08001784        0x0
                0x08001784                        . = ALIGN (0x4)
                0x08001784                        __fini_array_start = .
 *(.fini_array)
 *(SORT_BY_NAME(.fini_array.*))
                0x08001784                        __fini_array_end = .

.ARM.extab
 *(.ARM.extab*)

.ARM.exidx      0x08001784        0x0
                0x08001784                        __exidx_start = .
 *(.ARM.exidx*)
                0x08001784                        __exidx_end = .
                0x08001784                        . = ALIGN (0x4)
                0x08001784                        _etext = .

.noinit
 *(.noinit*)
                0x08001784                        . = ALIGN (0x4)

.data           0x20000000        0x8 load address 0x08001784
                0x20000000                        _data = .
 *(.data*)
 .data.rcc_apb1_frequency
                0x20000000        0x4 ./libopencm3//lib\libopencm3_stm32f0.a(rcc.o)
                0x20000000                rcc_apb1_frequency
 .data.rcc_ahb_frequency
                0x20000004        0x4 ./libopencm3//lib\libopencm3_stm32f0.a(rcc.o)
                0x20000004                rcc_ahb_frequency
 *(.ramtext*)
                0x20000008                        . = ALIGN (0x4)
                0x20000008                        _edata = .
                0x08001784                        _data_loadaddr = LOADADDR (.data)

.igot.plt       0x20000008        0x0 load address 0x0800178c
 .igot.plt      0x20000008        0x0 app/main.o

.bss            0x20000008        0x4 load address 0x0800178c
 *(.bss*)
 .bss.ticks     0x20000008        0x2 app/main.o
                0x20000008                ticks
 *(COMMON)
                0x2000000c                        . = ALIGN (0x4)
 *fill*         0x2000000a        0x2 
                0x2000000c                        _ebss = .

/DISCARD/
 *(.eh_frame)
                0x2000000c                        . = ALIGN (0x4)
                0x2000000c                        end = .
                0x20002000                        PROVIDE (_stack = (ORIGIN (ram) + LENGTH (ram)))
OUTPUT(main.elf elf32-littlearm)
LOAD linker stubs

.debug_info     0x00000000     0x345c
 .debug_info    0x00000000      0x596 app/main.o
 .debug_info    0x00000596      0x484 app/timer.o
 .debug_info    0x00000a1a      0x256 ./libopencm3//lib\libopencm3_stm32f0.a(gpio_common_all.o)
 .debug_info    0x00000c70      0x23e ./libopencm3//lib\libopencm3_stm32f0.a(gpio_common_f0234.o)
 .debug_info    0x00000eae      0x949 ./libopencm3//lib\libopencm3_stm32f0.a(rcc.o)
 .debug_info    0x000017f7      0x57f ./libopencm3//lib\libopencm3_stm32f0.a(rcc_common_all.o)
 .debug_info    0x00001d76     0x10ef ./libopencm3//lib\libopencm3_stm32f0.a(timer_common_all.o)
 .debug_info    0x00002e65      0x2c3 ./libopencm3//lib\libopencm3_stm32f0.a(vector.o)
 .debug_info    0x00003128      0x243 ./libopencm3//lib\libopencm3_stm32f0.a(systick.o)
 .debug_info    0x0000336b       0xf1 ./libopencm3//lib\libopencm3_stm32f0.a(flash_common_all.o)

.debug_abbrev   0x00000000      0xe4f
 .debug_abbrev  0x00000000      0x1e6 app/main.o
 .debug_abbrev  0x000001e6      0x116 app/timer.o
 .debug_abbrev  0x000002fc      0x115 ./libopencm3//lib\libopencm3_stm32f0.a(gpio_common_all.o)
 .debug_abbrev  0x00000411       0xc3 ./libopencm3//lib\libopencm3_stm32f0.a(gpio_common_f0234.o)
 .debug_abbrev  0x000004d4      0x310 ./libopencm3//lib\libopencm3_stm32f0.a(rcc.o)
 .debug_abbrev  0x000007e4      0x174 ./libopencm3//lib\libopencm3_stm32f0.a(rcc_common_all.o)
 .debug_abbrev  0x00000958      0x1ab ./libopencm3//lib\libopencm3_stm32f0.a(timer_common_all.o)
 .debug_abbrev  0x00000b03      0x149 ./libopencm3//lib\libopencm3_stm32f0.a(vector.o)
 .debug_abbrev  0x00000c4c      0x16d ./libopencm3//lib\libopencm3_stm32f0.a(systick.o)
 .debug_abbrev  0x00000db9       0x96 ./libopencm3//lib\libopencm3_stm32f0.a(flash_common_all.o)

.debug_loclists
                0x00000000     0x1347
 .debug_loclists
                0x00000000       0x62 app/main.o
 .debug_loclists
                0x00000062       0x61 app/timer.o
 .debug_loclists
                0x000000c3       0x96 ./libopencm3//lib\libopencm3_stm32f0.a(gpio_common_all.o)
 .debug_loclists
                0x00000159      0x195 ./libopencm3//lib\libopencm3_stm32f0.a(gpio_common_f0234.o)
 .debug_loclists
                0x000002ee      0x277 ./libopencm3//lib\libopencm3_stm32f0.a(rcc.o)
 .debug_loclists
                0x00000565       0xa4 ./libopencm3//lib\libopencm3_stm32f0.a(rcc_common_all.o)
 .debug_loclists
                0x00000609      0xbcd ./libopencm3//lib\libopencm3_stm32f0.a(timer_common_all.o)
 .debug_loclists
                0x000011d6       0xaf ./libopencm3//lib\libopencm3_stm32f0.a(vector.o)
 .debug_loclists
                0x00001285       0xab ./libopencm3//lib\libopencm3_stm32f0.a(systick.o)
 .debug_loclists
                0x00001330       0x17 ./libopencm3//lib\libopencm3_stm32f0.a(flash_common_all.o)

.debug_aranges  0x00000000      0x5e0
 .debug_aranges
                0x00000000       0x28 app/main.o
 .debug_aranges
                0x00000028       0x28 app/timer.o
 .debug_aranges
                0x00000050       0x50 ./libopencm3//lib\libopencm3_stm32f0.a(gpio_common_all.o)
 .debug_aranges
                0x000000a0       0x30 ./libopencm3//lib\libopencm3_stm32f0.a(gpio_common_f0234.o)
 .debug_aranges
                0x000000d0      0x138 ./libopencm3//lib\libopencm3_stm32f0.a(rcc.o)
 .debug_aranges
                0x00000208       0x80 ./libopencm3//lib\libopencm3_stm32f0.a(rcc_common_all.o)
 .debug_aranges
                0x00000288      0x278 ./libopencm3//lib\libopencm3_stm32f0.a(timer_common_all.o)
 .debug_aranges
                0x00000500       0x30 ./libopencm3//lib\libopencm3_stm32f0.a(vector.o)
 .debug_aranges
                0x00000530       0x78 ./libopencm3//lib\libopencm3_stm32f0.a(systick.o)
 .debug_aranges
                0x000005a8       0x38 ./libopencm3//lib\libopencm3_stm32f0.a(flash_common_all.o)

.debug_rnglists
                0x00000000      0x4a2
 .debug_rnglists
                0x00000000       0x65 app/main.o
 .debug_rnglists
                0x00000065       0x19 app/timer.o
 .debug_rnglists
                0x0000007e       0x37 ./libopencm3//lib\libopencm3_stm32f0.a(gpio_common_all.o)
 .debug_rnglists
                0x000000b5       0x1f ./libopencm3//lib\libopencm3_stm32f0.a(gpio_common_f0234.o)
 .debug_rnglists
                0x000000d4       0xf7 ./libopencm3//lib\libopencm3_stm32f0.a(rcc.o)
 .debug_rnglists
                0x000001cb       0x5b ./libopencm3//lib\libopencm3_stm32f0.a(rcc_common_all.o)
 .debug_rnglists
                0x00000226      0x1d6 ./libopencm3//lib\libopencm3_stm32f0.a(timer_common_all.o)
 .debug_rnglists
                0x000003fc       0x20 ./libopencm3//lib\libopencm3_stm32f0.a(vector.o)
 .debug_rnglists
                0x0000041c       0x61 ./libopencm3//lib\libopencm3_stm32f0.a(systick.o)
 .debug_rnglists
                0x0000047d       0x25 ./libopencm3//lib\libopencm3_stm32f0.a(flash_common_all.o)

.debug_macro    0x00000000     0x40a3
 .debug_macro   0x00000000      0x12c app/main.o
 .debug_macro   0x0000012c      0xaa2 app/main.o
 .debug_macro   0x00000bce       0x1c app/main.o
 .debug_macro   0x00000bea       0x22 app/main.o
 .debug_macro   0x00000c0c       0x56 app/main.o
 .debug_macro   0x00000c62       0x51 app/main.o
 .debug_macro   0x00000cb3      0x103 app/main.o
 .debug_macro   0x00000db6       0x6a app/main.o
 .debug_macro   0x00000e20      0x1df app/main.o
 .debug_macro   0x00000fff       0x22 app/main.o
 .debug_macro   0x00001021       0xe8 app/main.o
 .debug_macro   0x00001109       0x52 app/main.o
 .debug_macro   0x0000115b      0x178 app/main.o
 .debug_macro   0x000012d3      0x780 app/main.o
 .debug_macro   0x00001a53       0x76 app/main.o
 .debug_macro   0x00001ac9      0x37e app/main.o
 .debug_macro   0x00001e47       0xca app/main.o
 .debug_macro   0x00001f11       0x3a app/main.o
 .debug_macro   0x00001f4b       0x6f app/main.o
 .debug_macro   0x00001fba       0x49 app/main.o
 .debug_macro   0x00002003       0xca app/main.o
 .debug_macro   0x000020cd       0xe4 app/timer.o
 .debug_macro   0x000021b1      0xf65 app/timer.o
 .debug_macro   0x00003116       0x52 app/timer.o
 .debug_macro   0x00003168       0xd6 ./libopencm3//lib\libopencm3_stm32f0.a(gpio_common_all.o)
 .debug_macro   0x0000323e       0xd6 ./libopencm3//lib\libopencm3_stm32f0.a(gpio_common_f0234.o)
 .debug_macro   0x00003314      0x10d ./libopencm3//lib\libopencm3_stm32f0.a(rcc.o)
 .debug_macro   0x00003421       0x16 ./libopencm3//lib\libopencm3_stm32f0.a(rcc.o)
 .debug_macro   0x00003437       0xee ./libopencm3//lib\libopencm3_stm32f0.a(rcc.o)
 .debug_macro   0x00003525       0xd0 ./libopencm3//lib\libopencm3_stm32f0.a(rcc.o)
 .debug_macro   0x000035f5      0x189 ./libopencm3//lib\libopencm3_stm32f0.a(rcc.o)
 .debug_macro   0x0000377e      0x360 ./libopencm3//lib\libopencm3_stm32f0.a(rcc.o)
 .debug_macro   0x00003ade       0xce ./libopencm3//lib\libopencm3_stm32f0.a(rcc_common_all.o)
 .debug_macro   0x00003bac       0xce ./libopencm3//lib\libopencm3_stm32f0.a(timer_common_all.o)
 .debug_macro   0x00003c7a       0xcf ./libopencm3//lib\libopencm3_stm32f0.a(vector.o)
 .debug_macro   0x00003d49      0x19f ./libopencm3//lib\libopencm3_stm32f0.a(vector.o)
 .debug_macro   0x00003ee8       0x92 ./libopencm3//lib\libopencm3_stm32f0.a(systick.o)
 .debug_macro   0x00003f7a       0x69 ./libopencm3//lib\libopencm3_stm32f0.a(systick.o)
 .debug_macro   0x00003fe3       0xc0 ./libopencm3//lib\libopencm3_stm32f0.a(flash_common_all.o)

.debug_line     0x00000000     0x46cc
 .debug_line    0x00000000      0x555 app/main.o
 .debug_line    0x00000555      0x3c5 app/timer.o
 .debug_line    0x0000091a      0x474 ./libopencm3//lib\libopencm3_stm32f0.a(gpio_common_all.o)
 .debug_line    0x00000d8e      0x557 ./libopencm3//lib\libopencm3_stm32f0.a(gpio_common_f0234.o)
 .debug_line    0x000012e5      0xd08 ./libopencm3//lib\libopencm3_stm32f0.a(rcc.o)
 .debug_line    0x00001fed      0x519 ./libopencm3//lib\libopencm3_stm32f0.a(rcc_common_all.o)
 .debug_line    0x00002506     0x1529 ./libopencm3//lib\libopencm3_stm32f0.a(timer_common_all.o)
 .debug_line    0x00003a2f      0x44e ./libopencm3//lib\libopencm3_stm32f0.a(vector.o)
 .debug_line    0x00003e7d      0x45b ./libopencm3//lib\libopencm3_stm32f0.a(systick.o)
 .debug_line    0x000042d8      0x3f4 ./libopencm3//lib\libopencm3_stm32f0.a(flash_common_all.o)

.debug_str      0x00000000    0x10d70
 .debug_str     0x00000000    0x10d70 app/main.o
                               0x8dd6 (size before relaxing)
 .debug_str     0x00010d70     0xb4a4 app/timer.o
 .debug_str     0x00010d70     0x5fee ./libopencm3//lib\libopencm3_stm32f0.a(gpio_common_all.o)
 .debug_str     0x00010d70     0x6010 ./libopencm3//lib\libopencm3_stm32f0.a(gpio_common_f0234.o)
 .debug_str     0x00010d70     0x8fae ./libopencm3//lib\libopencm3_stm32f0.a(rcc.o)
 .debug_str     0x00010d70     0x74cc ./libopencm3//lib\libopencm3_stm32f0.a(rcc_common_all.o)
 .debug_str     0x00010d70     0xbc67 ./libopencm3//lib\libopencm3_stm32f0.a(timer_common_all.o)
 .debug_str     0x00010d70     0x5423 ./libopencm3//lib\libopencm3_stm32f0.a(vector.o)
 .debug_str     0x00010d70     0x449f ./libopencm3//lib\libopencm3_stm32f0.a(systick.o)
 .debug_str     0x00010d70     0x54b3 ./libopencm3//lib\libopencm3_stm32f0.a(flash_common_all.o)

.comment        0x00000000       0x45
 .comment       0x00000000       0x45 app/main.o
                                 0x46 (size before relaxing)
 .comment       0x00000045       0x46 app/timer.o
 .comment       0x00000045       0x46 ./libopencm3//lib\libopencm3_stm32f0.a(gpio_common_all.o)
 .comment       0x00000045       0x46 ./libopencm3//lib\libopencm3_stm32f0.a(gpio_common_f0234.o)
 .comment       0x00000045       0x46 ./libopencm3//lib\libopencm3_stm32f0.a(rcc.o)
 .comment       0x00000045       0x46 ./libopencm3//lib\libopencm3_stm32f0.a(rcc_common_all.o)
 .comment       0x00000045       0x46 ./libopencm3//lib\libopencm3_stm32f0.a(timer_common_all.o)
 .comment       0x00000045       0x46 ./libopencm3//lib\libopencm3_stm32f0.a(vector.o)
 .comment       0x00000045       0x46 ./libopencm3//lib\libopencm3_stm32f0.a(systick.o)
 .comment       0x00000045       0x46 ./libopencm3//lib\libopencm3_stm32f0.a(flash_common_all.o)

.ARM.attributes
                0x00000000       0x2c
 .ARM.attributes
                0x00000000       0x2c app/main.o
 .ARM.attributes
                0x0000002c       0x2c app/timer.o
 .ARM.attributes
                0x00000058       0x2c ./libopencm3//lib\libopencm3_stm32f0.a(gpio_common_all.o)
 .ARM.attributes
                0x00000084       0x2c ./libopencm3//lib\libopencm3_stm32f0.a(gpio_common_f0234.o)
 .ARM.attributes
                0x000000b0       0x2c ./libopencm3//lib\libopencm3_stm32f0.a(rcc.o)
 .ARM.attributes
                0x000000dc       0x2c ./libopencm3//lib\libopencm3_stm32f0.a(rcc_common_all.o)
 .ARM.attributes
                0x00000108       0x2c ./libopencm3//lib\libopencm3_stm32f0.a(timer_common_all.o)
 .ARM.attributes
                0x00000134       0x2c ./libopencm3//lib\libopencm3_stm32f0.a(vector.o)
 .ARM.attributes
                0x00000160       0x2c ./libopencm3//lib\libopencm3_stm32f0.a(systick.o)
 .ARM.attributes
                0x0000018c       0x2c ./libopencm3//lib\libopencm3_stm32f0.a(flash_common_all.o)
 .ARM.attributes
                0x000001b8       0x1e C:/Program Files (x86)/Arm GNU Toolchain arm-none-eabi/13.3 rel1/bin/../lib/gcc/arm-none-eabi/13.3.1/thumb/v6-m/nofp\libgcc.a(_thumb1_case_uqi.o)
 .ARM.attributes
                0x000001d6       0x1e C:/Program Files (x86)/Arm GNU Toolchain arm-none-eabi/13.3 rel1/bin/../lib/gcc/arm-none-eabi/13.3.1/thumb/v6-m/nofp\libgcc.a(_udivsi3.o)
 .ARM.attributes
                0x000001f4       0x1e C:/Program Files (x86)/Arm GNU Toolchain arm-none-eabi/13.3 rel1/bin/../lib/gcc/arm-none-eabi/13.3.1/thumb/v6-m/nofp\libgcc.a(_dvmd_tls.o)
 .ARM.attributes
                0x00000212       0x1e C:/Program Files (x86)/Arm GNU Toolchain arm-none-eabi/13.3 rel1/bin/../lib/gcc/arm-none-eabi/13.3.1/thumb/v6-m/nofp\libgcc.a(_arm_cmpsf2.o)
 .ARM.attributes
                0x00000230       0x2c C:/Program Files (x86)/Arm GNU Toolchain arm-none-eabi/13.3 rel1/bin/../lib/gcc/arm-none-eabi/13.3.1/thumb/v6-m/nofp\libgcc.a(_fixunssfsi.o)
 .ARM.attributes
                0x0000025c       0x2c C:/Program Files (x86)/Arm GNU Toolchain arm-none-eabi/13.3 rel1/bin/../lib/gcc/arm-none-eabi/13.3.1/thumb/v6-m/nofp\libgcc.a(addsf3.o)
 .ARM.attributes
                0x00000288       0x2c C:/Program Files (x86)/Arm GNU Toolchain arm-none-eabi/13.3 rel1/bin/../lib/gcc/arm-none-eabi/13.3.1/thumb/v6-m/nofp\libgcc.a(divsf3.o)
 .ARM.attributes
                0x000002b4       0x2c C:/Program Files (x86)/Arm GNU Toolchain arm-none-eabi/13.3 rel1/bin/../lib/gcc/arm-none-eabi/13.3.1/thumb/v6-m/nofp\libgcc.a(eqsf2.o)
 .ARM.attributes
                0x000002e0       0x2c C:/Program Files (x86)/Arm GNU Toolchain arm-none-eabi/13.3 rel1/bin/../lib/gcc/arm-none-eabi/13.3.1/thumb/v6-m/nofp\libgcc.a(gesf2.o)
 .ARM.attributes
                0x0000030c       0x2c C:/Program Files (x86)/Arm GNU Toolchain arm-none-eabi/13.3 rel1/bin/../lib/gcc/arm-none-eabi/13.3.1/thumb/v6-m/nofp\libgcc.a(lesf2.o)
 .ARM.attributes
                0x00000338       0x2c C:/Program Files (x86)/Arm GNU Toolchain arm-none-eabi/13.3 rel1/bin/../lib/gcc/arm-none-eabi/13.3.1/thumb/v6-m/nofp\libgcc.a(mulsf3.o)
 .ARM.attributes
                0x00000364       0x2c C:/Program Files (x86)/Arm GNU Toolchain arm-none-eabi/13.3 rel1/bin/../lib/gcc/arm-none-eabi/13.3.1/thumb/v6-m/nofp\libgcc.a(subsf3.o)
 .ARM.attributes
                0x00000390       0x2c C:/Program Files (x86)/Arm GNU Toolchain arm-none-eabi/13.3 rel1/bin/../lib/gcc/arm-none-eabi/13.3.1/thumb/v6-m/nofp\libgcc.a(fixsfsi.o)
 .ARM.attributes
                0x000003bc       0x1e C:/Program Files (x86)/Arm GNU Toolchain arm-none-eabi/13.3 rel1/bin/../lib/gcc/arm-none-eabi/13.3.1/thumb/v6-m/nofp\libgcc.a(_clzsi2.o)

.debug_frame    0x00000000      0xde4
 .debug_frame   0x00000000       0x40 app/main.o
 .debug_frame   0x00000040       0x40 app/timer.o
 .debug_frame   0x00000080       0x80 ./libopencm3//lib\libopencm3_stm32f0.a(gpio_common_all.o)
 .debug_frame   0x00000100       0x78 ./libopencm3//lib\libopencm3_stm32f0.a(gpio_common_f0234.o)
 .debug_frame   0x00000178      0x2d4 ./libopencm3//lib\libopencm3_stm32f0.a(rcc.o)
 .debug_frame   0x0000044c       0xf0 ./libopencm3//lib\libopencm3_stm32f0.a(rcc_common_all.o)
 .debug_frame   0x0000053c      0x570 ./libopencm3//lib\libopencm3_stm32f0.a(timer_common_all.o)
 .debug_frame   0x00000aac       0x48 ./libopencm3//lib\libopencm3_stm32f0.a(vector.o)
 .debug_frame   0x00000af4       0xd8 ./libopencm3//lib\libopencm3_stm32f0.a(systick.o)
 .debug_frame   0x00000bcc       0x50 ./libopencm3//lib\libopencm3_stm32f0.a(flash_common_all.o)
 .debug_frame   0x00000c1c       0x20 C:/Program Files (x86)/Arm GNU Toolchain arm-none-eabi/13.3 rel1/bin/../lib/gcc/arm-none-eabi/13.3.1/thumb/v6-m/nofp\libgcc.a(_udivsi3.o)
 .debug_frame   0x00000c3c       0x28 C:/Program Files (x86)/Arm GNU Toolchain arm-none-eabi/13.3 rel1/bin/../lib/gcc/arm-none-eabi/13.3.1/thumb/v6-m/nofp\libgcc.a(_fixunssfsi.o)
 .debug_frame   0x00000c64       0x34 C:/Program Files (x86)/Arm GNU Toolchain arm-none-eabi/13.3 rel1/bin/../lib/gcc/arm-none-eabi/13.3.1/thumb/v6-m/nofp\libgcc.a(addsf3.o)
 .debug_frame   0x00000c98       0x38 C:/Program Files (x86)/Arm GNU Toolchain arm-none-eabi/13.3 rel1/bin/../lib/gcc/arm-none-eabi/13.3.1/thumb/v6-m/nofp\libgcc.a(divsf3.o)
 .debug_frame   0x00000cd0       0x2c C:/Program Files (x86)/Arm GNU Toolchain arm-none-eabi/13.3 rel1/bin/../lib/gcc/arm-none-eabi/13.3.1/thumb/v6-m/nofp\libgcc.a(eqsf2.o)
 .debug_frame   0x00000cfc       0x2c C:/Program Files (x86)/Arm GNU Toolchain arm-none-eabi/13.3 rel1/bin/../lib/gcc/arm-none-eabi/13.3.1/thumb/v6-m/nofp\libgcc.a(gesf2.o)
 .debug_frame   0x00000d28       0x2c C:/Program Files (x86)/Arm GNU Toolchain arm-none-eabi/13.3 rel1/bin/../lib/gcc/arm-none-eabi/13.3.1/thumb/v6-m/nofp\libgcc.a(lesf2.o)
 .debug_frame   0x00000d54       0x38 C:/Program Files (x86)/Arm GNU Toolchain arm-none-eabi/13.3 rel1/bin/../lib/gcc/arm-none-eabi/13.3.1/thumb/v6-m/nofp\libgcc.a(mulsf3.o)
 .debug_frame   0x00000d8c       0x38 C:/Program Files (x86)/Arm GNU Toolchain arm-none-eabi/13.3 rel1/bin/../lib/gcc/arm-none-eabi/13.3.1/thumb/v6-m/nofp\libgcc.a(subsf3.o)
 .debug_frame   0x00000dc4       0x20 C:/Program Files (x86)/Arm GNU Toolchain arm-none-eabi/13.3 rel1/bin/../lib/gcc/arm-none-eabi/13.3.1/thumb/v6-m/nofp\libgcc.a(fixsfsi.o)

.debug_line_str
                0x00000000       0xd5
 .debug_line_str
                0x00000000       0xd5 C:/Program Files (x86)/Arm GNU Toolchain arm-none-eabi/13.3 rel1/bin/../lib/gcc/arm-none-eabi/13.3.1/thumb/v6-m/nofp\libgcc.a(_thumb1_case_uqi.o)
                                 0xc9 (size before relaxing)
 .debug_line_str
                0x000000d5       0xc9 C:/Program Files (x86)/Arm GNU Toolchain arm-none-eabi/13.3 rel1/bin/../lib/gcc/arm-none-eabi/13.3.1/thumb/v6-m/nofp\libgcc.a(_udivsi3.o)
 .debug_line_str
                0x000000d5       0xc9 C:/Program Files (x86)/Arm GNU Toolchain arm-none-eabi/13.3 rel1/bin/../lib/gcc/arm-none-eabi/13.3.1/thumb/v6-m/nofp\libgcc.a(_dvmd_tls.o)
 .debug_line_str
                0x000000d5       0xc9 C:/Program Files (x86)/Arm GNU Toolchain arm-none-eabi/13.3 rel1/bin/../lib/gcc/arm-none-eabi/13.3.1/thumb/v6-m/nofp\libgcc.a(_arm_cmpsf2.o)
 .debug_line_str
                0x000000d5       0xc9 C:/Program Files (x86)/Arm GNU Toolchain arm-none-eabi/13.3 rel1/bin/../lib/gcc/arm-none-eabi/13.3.1/thumb/v6-m/nofp\libgcc.a(_clzsi2.o)

Cross Reference Table

Symbol                                            File
__aeabi_cfcmpeq                                   C:/Program Files (x86)/Arm GNU Toolchain arm-none-eabi/13.3 rel1/bin/../lib/gcc/arm-none-eabi/13.3.1/thumb/v6-m/nofp\libgcc.a(_arm_cmpsf2.o)
__aeabi_cfcmple                                   C:/Program Files (x86)/Arm GNU Toolchain arm-none-eabi/13.3 rel1/bin/../lib/gcc/arm-none-eabi/13.3.1/thumb/v6-m/nofp\libgcc.a(_arm_cmpsf2.o)
__aeabi_cfrcmple                                  C:/Program Files (x86)/Arm GNU Toolchain arm-none-eabi/13.3 rel1/bin/../lib/gcc/arm-none-eabi/13.3.1/thumb/v6-m/nofp\libgcc.a(_arm_cmpsf2.o)
__aeabi_f2iz                                      C:/Program Files (x86)/Arm GNU Toolchain arm-none-eabi/13.3 rel1/bin/../lib/gcc/arm-none-eabi/13.3.1/thumb/v6-m/nofp\libgcc.a(fixsfsi.o)
                                                  C:/Program Files (x86)/Arm GNU Toolchain arm-none-eabi/13.3 rel1/bin/../lib/gcc/arm-none-eabi/13.3.1/thumb/v6-m/nofp\libgcc.a(_fixunssfsi.o)
__aeabi_f2uiz                                     C:/Program Files (x86)/Arm GNU Toolchain arm-none-eabi/13.3 rel1/bin/../lib/gcc/arm-none-eabi/13.3.1/thumb/v6-m/nofp\libgcc.a(_fixunssfsi.o)
                                                  app/timer.o
__aeabi_fadd                                      C:/Program Files (x86)/Arm GNU Toolchain arm-none-eabi/13.3 rel1/bin/../lib/gcc/arm-none-eabi/13.3.1/thumb/v6-m/nofp\libgcc.a(addsf3.o)
                                                  app/main.o
__aeabi_fcmpeq                                    C:/Program Files (x86)/Arm GNU Toolchain arm-none-eabi/13.3 rel1/bin/../lib/gcc/arm-none-eabi/13.3.1/thumb/v6-m/nofp\libgcc.a(_arm_cmpsf2.o)
                                                  app/main.o
__aeabi_fcmpge                                    C:/Program Files (x86)/Arm GNU Toolchain arm-none-eabi/13.3 rel1/bin/../lib/gcc/arm-none-eabi/13.3.1/thumb/v6-m/nofp\libgcc.a(_arm_cmpsf2.o)
                                                  C:/Program Files (x86)/Arm GNU Toolchain arm-none-eabi/13.3 rel1/bin/../lib/gcc/arm-none-eabi/13.3.1/thumb/v6-m/nofp\libgcc.a(_fixunssfsi.o)
__aeabi_fcmpgt                                    C:/Program Files (x86)/Arm GNU Toolchain arm-none-eabi/13.3 rel1/bin/../lib/gcc/arm-none-eabi/13.3.1/thumb/v6-m/nofp\libgcc.a(_arm_cmpsf2.o)
__aeabi_fcmple                                    C:/Program Files (x86)/Arm GNU Toolchain arm-none-eabi/13.3 rel1/bin/../lib/gcc/arm-none-eabi/13.3.1/thumb/v6-m/nofp\libgcc.a(_arm_cmpsf2.o)
__aeabi_fcmplt                                    C:/Program Files (x86)/Arm GNU Toolchain arm-none-eabi/13.3 rel1/bin/../lib/gcc/arm-none-eabi/13.3.1/thumb/v6-m/nofp\libgcc.a(_arm_cmpsf2.o)
__aeabi_fdiv                                      C:/Program Files (x86)/Arm GNU Toolchain arm-none-eabi/13.3 rel1/bin/../lib/gcc/arm-none-eabi/13.3.1/thumb/v6-m/nofp\libgcc.a(divsf3.o)
                                                  app/timer.o
__aeabi_fmul                                      C:/Program Files (x86)/Arm GNU Toolchain arm-none-eabi/13.3 rel1/bin/../lib/gcc/arm-none-eabi/13.3.1/thumb/v6-m/nofp\libgcc.a(mulsf3.o)
                                                  app/timer.o
__aeabi_fsub                                      C:/Program Files (x86)/Arm GNU Toolchain arm-none-eabi/13.3 rel1/bin/../lib/gcc/arm-none-eabi/13.3.1/thumb/v6-m/nofp\libgcc.a(subsf3.o)
                                                  C:/Program Files (x86)/Arm GNU Toolchain arm-none-eabi/13.3 rel1/bin/../lib/gcc/arm-none-eabi/13.3.1/thumb/v6-m/nofp\libgcc.a(_fixunssfsi.o)
__aeabi_idiv0                                     C:/Program Files (x86)/Arm GNU Toolchain arm-none-eabi/13.3 rel1/bin/../lib/gcc/arm-none-eabi/13.3.1/thumb/v6-m/nofp\libgcc.a(_dvmd_tls.o)
                                                  C:/Program Files (x86)/Arm GNU Toolchain arm-none-eabi/13.3 rel1/bin/../lib/gcc/arm-none-eabi/13.3.1/thumb/v6-m/nofp\libgcc.a(_udivsi3.o)
__aeabi_ldiv0                                     C:/Program Files (x86)/Arm GNU Toolchain arm-none-eabi/13.3 rel1/bin/../lib/gcc/arm-none-eabi/13.3.1/thumb/v6-m/nofp\libgcc.a(_dvmd_tls.o)
__aeabi_uidiv                                     C:/Program Files (x86)/Arm GNU Toolchain arm-none-eabi/13.3 rel1/bin/../lib/gcc/arm-none-eabi/13.3.1/thumb/v6-m/nofp\libgcc.a(_udivsi3.o)
                                                  ./libopencm3//lib\libopencm3_stm32f0.a(systick.o)
__aeabi_uidivmod                                  C:/Program Files (x86)/Arm GNU Toolchain arm-none-eabi/13.3 rel1/bin/../lib/gcc/arm-none-eabi/13.3.1/thumb/v6-m/nofp\libgcc.a(_udivsi3.o)
__clzsi2                                          C:/Program Files (x86)/Arm GNU Toolchain arm-none-eabi/13.3 rel1/bin/../lib/gcc/arm-none-eabi/13.3.1/thumb/v6-m/nofp\libgcc.a(_clzsi2.o)
                                                  C:/Program Files (x86)/Arm GNU Toolchain arm-none-eabi/13.3 rel1/bin/../lib/gcc/arm-none-eabi/13.3.1/thumb/v6-m/nofp\libgcc.a(subsf3.o)
                                                  C:/Program Files (x86)/Arm GNU Toolchain arm-none-eabi/13.3 rel1/bin/../lib/gcc/arm-none-eabi/13.3.1/thumb/v6-m/nofp\libgcc.a(mulsf3.o)
                                                  C:/Program Files (x86)/Arm GNU Toolchain arm-none-eabi/13.3 rel1/bin/../lib/gcc/arm-none-eabi/13.3.1/thumb/v6-m/nofp\libgcc.a(divsf3.o)
                                                  C:/Program Files (x86)/Arm GNU Toolchain arm-none-eabi/13.3 rel1/bin/../lib/gcc/arm-none-eabi/13.3.1/thumb/v6-m/nofp\libgcc.a(addsf3.o)
__eqsf2                                           C:/Program Files (x86)/Arm GNU Toolchain arm-none-eabi/13.3 rel1/bin/../lib/gcc/arm-none-eabi/13.3.1/thumb/v6-m/nofp\libgcc.a(eqsf2.o)
                                                  C:/Program Files (x86)/Arm GNU Toolchain arm-none-eabi/13.3 rel1/bin/../lib/gcc/arm-none-eabi/13.3.1/thumb/v6-m/nofp\libgcc.a(_arm_cmpsf2.o)
__fini_array_end                                  ./libopencm3//lib\libopencm3_stm32f0.a(vector.o)
__fini_array_start                                ./libopencm3//lib\libopencm3_stm32f0.a(vector.o)
__fixunssfsi                                      C:/Program Files (x86)/Arm GNU Toolchain arm-none-eabi/13.3 rel1/bin/../lib/gcc/arm-none-eabi/13.3.1/thumb/v6-m/nofp\libgcc.a(_fixunssfsi.o)
__gesf2                                           C:/Program Files (x86)/Arm GNU Toolchain arm-none-eabi/13.3 rel1/bin/../lib/gcc/arm-none-eabi/13.3.1/thumb/v6-m/nofp\libgcc.a(gesf2.o)
                                                  C:/Program Files (x86)/Arm GNU Toolchain arm-none-eabi/13.3 rel1/bin/../lib/gcc/arm-none-eabi/13.3.1/thumb/v6-m/nofp\libgcc.a(_arm_cmpsf2.o)
__gnu_thumb1_case_uqi                             C:/Program Files (x86)/Arm GNU Toolchain arm-none-eabi/13.3 rel1/bin/../lib/gcc/arm-none-eabi/13.3.1/thumb/v6-m/nofp\libgcc.a(_thumb1_case_uqi.o)
                                                  ./libopencm3//lib\libopencm3_stm32f0.a(timer_common_all.o)
                                                  ./libopencm3//lib\libopencm3_stm32f0.a(rcc.o)
__gtsf2                                           C:/Program Files (x86)/Arm GNU Toolchain arm-none-eabi/13.3 rel1/bin/../lib/gcc/arm-none-eabi/13.3.1/thumb/v6-m/nofp\libgcc.a(gesf2.o)
__init_array_end                                  ./libopencm3//lib\libopencm3_stm32f0.a(vector.o)
__init_array_start                                ./libopencm3//lib\libopencm3_stm32f0.a(vector.o)
__lesf2                                           C:/Program Files (x86)/Arm GNU Toolchain arm-none-eabi/13.3 rel1/bin/../lib/gcc/arm-none-eabi/13.3.1/thumb/v6-m/nofp\libgcc.a(lesf2.o)
                                                  C:/Program Files (x86)/Arm GNU Toolchain arm-none-eabi/13.3 rel1/bin/../lib/gcc/arm-none-eabi/13.3.1/thumb/v6-m/nofp\libgcc.a(_arm_cmpsf2.o)
__ltsf2                                           C:/Program Files (x86)/Arm GNU Toolchain arm-none-eabi/13.3 rel1/bin/../lib/gcc/arm-none-eabi/13.3.1/thumb/v6-m/nofp\libgcc.a(lesf2.o)
__nesf2                                           C:/Program Files (x86)/Arm GNU Toolchain arm-none-eabi/13.3 rel1/bin/../lib/gcc/arm-none-eabi/13.3.1/thumb/v6-m/nofp\libgcc.a(eqsf2.o)
__preinit_array_end                               ./libopencm3//lib\libopencm3_stm32f0.a(vector.o)
__preinit_array_start                             ./libopencm3//lib\libopencm3_stm32f0.a(vector.o)
__udivsi3                                         C:/Program Files (x86)/Arm GNU Toolchain arm-none-eabi/13.3 rel1/bin/../lib/gcc/arm-none-eabi/13.3.1/thumb/v6-m/nofp\libgcc.a(_udivsi3.o)
_data                                             ./libopencm3//lib\libopencm3_stm32f0.a(vector.o)
_data_loadaddr                                    ./libopencm3//lib\libopencm3_stm32f0.a(vector.o)
_ebss                                             ./libopencm3//lib\libopencm3_stm32f0.a(vector.o)
_edata                                            ./libopencm3//lib\libopencm3_stm32f0.a(vector.o)
_stack                                            ./libopencm3//lib\libopencm3_stm32f0.a(vector.o)
adc_comp_isr                                      ./libopencm3//lib\libopencm3_stm32f0.a(vector.o)
blocking_handler                                  ./libopencm3//lib\libopencm3_stm32f0.a(vector.o)
cec_can_isr                                       ./libopencm3//lib\libopencm3_stm32f0.a(vector.o)
cm3_assert_failed                                 ./libopencm3//lib\libopencm3_stm32f0.a(assert.o)
                                                  ./libopencm3//lib\libopencm3_stm32f0.a(rcc.o)
cm3_assert_failed_verbose                         ./libopencm3//lib\libopencm3_stm32f0.a(assert.o)
dma1_channel1_isr                                 ./libopencm3//lib\libopencm3_stm32f0.a(vector.o)
dma1_channel2_3_dma2_channel1_2_isr               ./libopencm3//lib\libopencm3_stm32f0.a(vector.o)
dma1_channel4_7_dma2_channel3_5_isr               ./libopencm3//lib\libopencm3_stm32f0.a(vector.o)
exti0_1_isr                                       ./libopencm3//lib\libopencm3_stm32f0.a(vector.o)
exti2_3_isr                                       ./libopencm3//lib\libopencm3_stm32f0.a(vector.o)
exti4_15_isr                                      ./libopencm3//lib\libopencm3_stm32f0.a(vector.o)
flash_isr                                         ./libopencm3//lib\libopencm3_stm32f0.a(vector.o)
flash_prefetch_disable                            ./libopencm3//lib\libopencm3_stm32f0.a(flash_common_all.o)
flash_prefetch_enable                             ./libopencm3//lib\libopencm3_stm32f0.a(flash_common_all.o)
                                                  ./libopencm3//lib\libopencm3_stm32f0.a(rcc.o)
flash_set_ws                                      ./libopencm3//lib\libopencm3_stm32f0.a(flash_common_all.o)
                                                  ./libopencm3//lib\libopencm3_stm32f0.a(rcc.o)
flash_unlock_option_bytes                         ./libopencm3//lib\libopencm3_stm32f0.a(flash_common_all.o)
gpio_clear                                        ./libopencm3//lib\libopencm3_stm32f0.a(gpio_common_all.o)
gpio_get                                          ./libopencm3//lib\libopencm3_stm32f0.a(gpio_common_all.o)
gpio_mode_setup                                   ./libopencm3//lib\libopencm3_stm32f0.a(gpio_common_f0234.o)
                                                  app/main.o
gpio_port_config_lock                             ./libopencm3//lib\libopencm3_stm32f0.a(gpio_common_all.o)
gpio_port_read                                    ./libopencm3//lib\libopencm3_stm32f0.a(gpio_common_all.o)
gpio_port_write                                   ./libopencm3//lib\libopencm3_stm32f0.a(gpio_common_all.o)
gpio_set                                          ./libopencm3//lib\libopencm3_stm32f0.a(gpio_common_all.o)
gpio_set_af                                       ./libopencm3//lib\libopencm3_stm32f0.a(gpio_common_f0234.o)
                                                  app/main.o
gpio_set_output_options                           ./libopencm3//lib\libopencm3_stm32f0.a(gpio_common_f0234.o)
gpio_toggle                                       ./libopencm3//lib\libopencm3_stm32f0.a(gpio_common_all.o)
                                                  app/main.o
hard_fault_handler                                ./libopencm3//lib\libopencm3_stm32f0.a(vector.o)
i2c1_isr                                          ./libopencm3//lib\libopencm3_stm32f0.a(vector.o)
i2c2_isr                                          ./libopencm3//lib\libopencm3_stm32f0.a(vector.o)
main                                              app/main.o
                                                  ./libopencm3//lib\libopencm3_stm32f0.a(vector.o)
nmi_handler                                       ./libopencm3//lib\libopencm3_stm32f0.a(vector.o)
null_handler                                      ./libopencm3//lib\libopencm3_stm32f0.a(vector.o)
pend_sv_handler                                   ./libopencm3//lib\libopencm3_stm32f0.a(vector.o)
pvd_isr                                           ./libopencm3//lib\libopencm3_stm32f0.a(vector.o)
rcc_ahb_frequency                                 ./libopencm3//lib\libopencm3_stm32f0.a(rcc.o)
rcc_apb1_frequency                                ./libopencm3//lib\libopencm3_stm32f0.a(rcc.o)
rcc_clock_setup_in_hse_8mhz_out_48mhz             ./libopencm3//lib\libopencm3_stm32f0.a(rcc.o)
                                                  app/main.o
rcc_clock_setup_in_hsi48_out_48mhz                ./libopencm3//lib\libopencm3_stm32f0.a(rcc.o)
rcc_clock_setup_in_hsi_out_48mhz                  ./libopencm3//lib\libopencm3_stm32f0.a(rcc.o)
rcc_css_disable                                   ./libopencm3//lib\libopencm3_stm32f0.a(rcc.o)
rcc_css_enable                                    ./libopencm3//lib\libopencm3_stm32f0.a(rcc.o)
rcc_css_int_clear                                 ./libopencm3//lib\libopencm3_stm32f0.a(rcc.o)
rcc_css_int_flag                                  ./libopencm3//lib\libopencm3_stm32f0.a(rcc.o)
rcc_disable_rtc_clock                             ./libopencm3//lib\libopencm3_stm32f0.a(rcc.o)
rcc_enable_rtc_clock                              ./libopencm3//lib\libopencm3_stm32f0.a(rcc.o)
rcc_get_div_from_hpre                             ./libopencm3//lib\libopencm3_stm32f0.a(rcc_common_all.o)
                                                  ./libopencm3//lib\libopencm3_stm32f0.a(rcc.o)
rcc_get_i2c_clk_freq                              ./libopencm3//lib\libopencm3_stm32f0.a(rcc.o)
rcc_get_i2c_clocks                                ./libopencm3//lib\libopencm3_stm32f0.a(rcc.o)
rcc_get_spi_clk_freq                              ./libopencm3//lib\libopencm3_stm32f0.a(rcc.o)
rcc_get_timer_clk_freq                            ./libopencm3//lib\libopencm3_stm32f0.a(rcc.o)
rcc_get_usart_clk_freq                            ./libopencm3//lib\libopencm3_stm32f0.a(rcc.o)
rcc_is_osc_ready                                  ./libopencm3//lib\libopencm3_stm32f0.a(rcc.o)
rcc_isr                                           ./libopencm3//lib\libopencm3_stm32f0.a(vector.o)
rcc_osc_bypass_disable                            ./libopencm3//lib\libopencm3_stm32f0.a(rcc_common_all.o)
rcc_osc_bypass_enable                             ./libopencm3//lib\libopencm3_stm32f0.a(rcc_common_all.o)
rcc_osc_off                                       ./libopencm3//lib\libopencm3_stm32f0.a(rcc.o)
rcc_osc_on                                        ./libopencm3//lib\libopencm3_stm32f0.a(rcc.o)
rcc_osc_ready_int_clear                           ./libopencm3//lib\libopencm3_stm32f0.a(rcc.o)
rcc_osc_ready_int_disable                         ./libopencm3//lib\libopencm3_stm32f0.a(rcc.o)
rcc_osc_ready_int_enable                          ./libopencm3//lib\libopencm3_stm32f0.a(rcc.o)
rcc_osc_ready_int_flag                            ./libopencm3//lib\libopencm3_stm32f0.a(rcc.o)
rcc_periph_clock_disable                          ./libopencm3//lib\libopencm3_stm32f0.a(rcc_common_all.o)
rcc_periph_clock_enable                           ./libopencm3//lib\libopencm3_stm32f0.a(rcc_common_all.o)
                                                  app/timer.o
                                                  app/main.o
rcc_periph_reset_hold                             ./libopencm3//lib\libopencm3_stm32f0.a(rcc_common_all.o)
rcc_periph_reset_pulse                            ./libopencm3//lib\libopencm3_stm32f0.a(rcc_common_all.o)
rcc_periph_reset_release                          ./libopencm3//lib\libopencm3_stm32f0.a(rcc_common_all.o)
rcc_peripheral_clear_reset                        ./libopencm3//lib\libopencm3_stm32f0.a(rcc_common_all.o)
rcc_peripheral_disable_clock                      ./libopencm3//lib\libopencm3_stm32f0.a(rcc_common_all.o)
rcc_peripheral_enable_clock                       ./libopencm3//lib\libopencm3_stm32f0.a(rcc_common_all.o)
rcc_peripheral_reset                              ./libopencm3//lib\libopencm3_stm32f0.a(rcc_common_all.o)
rcc_set_hpre                                      ./libopencm3//lib\libopencm3_stm32f0.a(rcc.o)
rcc_set_i2c_clock_hsi                             ./libopencm3//lib\libopencm3_stm32f0.a(rcc.o)
rcc_set_i2c_clock_sysclk                          ./libopencm3//lib\libopencm3_stm32f0.a(rcc.o)
rcc_set_mco                                       ./libopencm3//lib\libopencm3_stm32f0.a(rcc_common_all.o)
rcc_set_pll_multiplication_factor                 ./libopencm3//lib\libopencm3_stm32f0.a(rcc.o)
rcc_set_pll_source                                ./libopencm3//lib\libopencm3_stm32f0.a(rcc.o)
rcc_set_pllxtpre                                  ./libopencm3//lib\libopencm3_stm32f0.a(rcc.o)
rcc_set_ppre                                      ./libopencm3//lib\libopencm3_stm32f0.a(rcc.o)
rcc_set_prediv                                    ./libopencm3//lib\libopencm3_stm32f0.a(rcc.o)
rcc_set_rtc_clock_source                          ./libopencm3//lib\libopencm3_stm32f0.a(rcc.o)
rcc_set_sysclk_source                             ./libopencm3//lib\libopencm3_stm32f0.a(rcc.o)
rcc_set_usbclk_source                             ./libopencm3//lib\libopencm3_stm32f0.a(rcc.o)
rcc_system_clock_source                           ./libopencm3//lib\libopencm3_stm32f0.a(rcc.o)
rcc_usb_clock_source                              ./libopencm3//lib\libopencm3_stm32f0.a(rcc.o)
rcc_wait_for_osc_ready                            ./libopencm3//lib\libopencm3_stm32f0.a(rcc.o)
reset_handler                                     ./libopencm3//lib\libopencm3_stm32f0.a(vector.o)
rtc_isr                                           ./libopencm3//lib\libopencm3_stm32f0.a(vector.o)
set_duty_cycle                                    app/timer.o
                                                  app/main.o
setup_timer                                       app/timer.o
                                                  app/main.o
spi1_isr                                          ./libopencm3//lib\libopencm3_stm32f0.a(vector.o)
spi2_isr                                          ./libopencm3//lib\libopencm3_stm32f0.a(vector.o)
sv_call_handler                                   ./libopencm3//lib\libopencm3_stm32f0.a(vector.o)
sys_tick_handler                                  app/main.o
systick_clear                                     ./libopencm3//lib\libopencm3_stm32f0.a(systick.o)
systick_counter_disable                           ./libopencm3//lib\libopencm3_stm32f0.a(systick.o)
systick_counter_enable                            ./libopencm3//lib\libopencm3_stm32f0.a(systick.o)
                                                  app/main.o
systick_get_calib                                 ./libopencm3//lib\libopencm3_stm32f0.a(systick.o)
systick_get_countflag                             ./libopencm3//lib\libopencm3_stm32f0.a(systick.o)
systick_get_reload                                ./libopencm3//lib\libopencm3_stm32f0.a(systick.o)
systick_get_value                                 ./libopencm3//lib\libopencm3_stm32f0.a(systick.o)
systick_interrupt_disable                         ./libopencm3//lib\libopencm3_stm32f0.a(systick.o)
systick_interrupt_enable                          ./libopencm3//lib\libopencm3_stm32f0.a(systick.o)
                                                  app/main.o
systick_set_clocksource                           ./libopencm3//lib\libopencm3_stm32f0.a(systick.o)
systick_set_frequency                             ./libopencm3//lib\libopencm3_stm32f0.a(systick.o)
                                                  app/main.o
systick_set_reload                                ./libopencm3//lib\libopencm3_stm32f0.a(systick.o)
ticks                                             app/main.o
tim14_isr                                         ./libopencm3//lib\libopencm3_stm32f0.a(vector.o)
tim15_isr                                         ./libopencm3//lib\libopencm3_stm32f0.a(vector.o)
tim16_isr                                         ./libopencm3//lib\libopencm3_stm32f0.a(vector.o)
tim17_isr                                         ./libopencm3//lib\libopencm3_stm32f0.a(vector.o)
tim1_brk_up_trg_com_isr                           ./libopencm3//lib\libopencm3_stm32f0.a(vector.o)
tim1_cc_isr                                       ./libopencm3//lib\libopencm3_stm32f0.a(vector.o)
tim2_isr                                          ./libopencm3//lib\libopencm3_stm32f0.a(vector.o)
tim3_isr                                          ./libopencm3//lib\libopencm3_stm32f0.a(vector.o)
tim6_dac_isr                                      ./libopencm3//lib\libopencm3_stm32f0.a(vector.o)
tim7_isr                                          ./libopencm3//lib\libopencm3_stm32f0.a(vector.o)
timer_clear_flag                                  ./libopencm3//lib\libopencm3_stm32f0.a(timer_common_all.o)
timer_continuous_mode                             ./libopencm3//lib\libopencm3_stm32f0.a(timer_common_all.o)
timer_direction_down                              ./libopencm3//lib\libopencm3_stm32f0.a(timer_common_all.o)
timer_direction_up                                ./libopencm3//lib\libopencm3_stm32f0.a(timer_common_all.o)
timer_disable_break                               ./libopencm3//lib\libopencm3_stm32f0.a(timer_common_all.o)
timer_disable_break_automatic_output              ./libopencm3//lib\libopencm3_stm32f0.a(timer_common_all.o)
timer_disable_break_main_output                   ./libopencm3//lib\libopencm3_stm32f0.a(timer_common_all.o)
timer_disable_compare_control_update_on_trigger   ./libopencm3//lib\libopencm3_stm32f0.a(timer_common_all.o)
timer_disable_counter                             ./libopencm3//lib\libopencm3_stm32f0.a(timer_common_all.o)
timer_disable_irq                                 ./libopencm3//lib\libopencm3_stm32f0.a(timer_common_all.o)
timer_disable_oc_clear                            ./libopencm3//lib\libopencm3_stm32f0.a(timer_common_all.o)
timer_disable_oc_output                           ./libopencm3//lib\libopencm3_stm32f0.a(timer_common_all.o)
timer_disable_oc_preload                          ./libopencm3//lib\libopencm3_stm32f0.a(timer_common_all.o)
timer_disable_preload                             ./libopencm3//lib\libopencm3_stm32f0.a(timer_common_all.o)
timer_disable_preload_complementry_enable_bits    ./libopencm3//lib\libopencm3_stm32f0.a(timer_common_all.o)
timer_disable_update_event                        ./libopencm3//lib\libopencm3_stm32f0.a(timer_common_all.o)
timer_enable_break                                ./libopencm3//lib\libopencm3_stm32f0.a(timer_common_all.o)
timer_enable_break_automatic_output               ./libopencm3//lib\libopencm3_stm32f0.a(timer_common_all.o)
timer_enable_break_main_output                    ./libopencm3//lib\libopencm3_stm32f0.a(timer_common_all.o)
timer_enable_compare_control_update_on_trigger    ./libopencm3//lib\libopencm3_stm32f0.a(timer_common_all.o)
timer_enable_counter                              ./libopencm3//lib\libopencm3_stm32f0.a(timer_common_all.o)
                                                  app/timer.o
timer_enable_irq                                  ./libopencm3//lib\libopencm3_stm32f0.a(timer_common_all.o)
timer_enable_oc_clear                             ./libopencm3//lib\libopencm3_stm32f0.a(timer_common_all.o)
timer_enable_oc_output                            ./libopencm3//lib\libopencm3_stm32f0.a(timer_common_all.o)
                                                  app/timer.o
timer_enable_oc_preload                           ./libopencm3//lib\libopencm3_stm32f0.a(timer_common_all.o)
timer_enable_preload                              ./libopencm3//lib\libopencm3_stm32f0.a(timer_common_all.o)
timer_enable_preload_complementry_enable_bits     ./libopencm3//lib\libopencm3_stm32f0.a(timer_common_all.o)
timer_enable_update_event                         ./libopencm3//lib\libopencm3_stm32f0.a(timer_common_all.o)
timer_generate_event                              ./libopencm3//lib\libopencm3_stm32f0.a(timer_common_all.o)
timer_get_counter                                 ./libopencm3//lib\libopencm3_stm32f0.a(timer_common_all.o)
timer_get_flag                                    ./libopencm3//lib\libopencm3_stm32f0.a(timer_common_all.o)
timer_ic_disable                                  ./libopencm3//lib\libopencm3_stm32f0.a(timer_common_all.o)
timer_ic_enable                                   ./libopencm3//lib\libopencm3_stm32f0.a(timer_common_all.o)
timer_ic_set_filter                               ./libopencm3//lib\libopencm3_stm32f0.a(timer_common_all.o)
timer_ic_set_input                                ./libopencm3//lib\libopencm3_stm32f0.a(timer_common_all.o)
timer_ic_set_prescaler                            ./libopencm3//lib\libopencm3_stm32f0.a(timer_common_all.o)
timer_interrupt_source                            ./libopencm3//lib\libopencm3_stm32f0.a(timer_common_all.o)
timer_one_shot_mode                               ./libopencm3//lib\libopencm3_stm32f0.a(timer_common_all.o)
timer_reset_output_idle_state                     ./libopencm3//lib\libopencm3_stm32f0.a(timer_common_all.o)
timer_set_alignment                               ./libopencm3//lib\libopencm3_stm32f0.a(timer_common_all.o)
timer_set_break_lock                              ./libopencm3//lib\libopencm3_stm32f0.a(timer_common_all.o)
timer_set_break_polarity_high                     ./libopencm3//lib\libopencm3_stm32f0.a(timer_common_all.o)
timer_set_break_polarity_low                      ./libopencm3//lib\libopencm3_stm32f0.a(timer_common_all.o)
timer_set_clock_division                          ./libopencm3//lib\libopencm3_stm32f0.a(timer_common_all.o)
timer_set_counter                                 ./libopencm3//lib\libopencm3_stm32f0.a(timer_common_all.o)
timer_set_deadtime                                ./libopencm3//lib\libopencm3_stm32f0.a(timer_common_all.o)
timer_set_disabled_off_state_in_idle_mode         ./libopencm3//lib\libopencm3_stm32f0.a(timer_common_all.o)
timer_set_disabled_off_state_in_run_mode          ./libopencm3//lib\libopencm3_stm32f0.a(timer_common_all.o)
timer_set_dma_on_compare_event                    ./libopencm3//lib\libopencm3_stm32f0.a(timer_common_all.o)
timer_set_dma_on_update_event                     ./libopencm3//lib\libopencm3_stm32f0.a(timer_common_all.o)
timer_set_enabled_off_state_in_idle_mode          ./libopencm3//lib\libopencm3_stm32f0.a(timer_common_all.o)
timer_set_enabled_off_state_in_run_mode           ./libopencm3//lib\libopencm3_stm32f0.a(timer_common_all.o)
timer_set_master_mode                             ./libopencm3//lib\libopencm3_stm32f0.a(timer_common_all.o)
timer_set_mode                                    ./libopencm3//lib\libopencm3_stm32f0.a(timer_common_all.o)
                                                  app/timer.o
timer_set_oc_fast_mode                            ./libopencm3//lib\libopencm3_stm32f0.a(timer_common_all.o)
timer_set_oc_idle_state_set                       ./libopencm3//lib\libopencm3_stm32f0.a(timer_common_all.o)
timer_set_oc_idle_state_unset                     ./libopencm3//lib\libopencm3_stm32f0.a(timer_common_all.o)
timer_set_oc_mode                                 ./libopencm3//lib\libopencm3_stm32f0.a(timer_common_all.o)
                                                  app/timer.o
timer_set_oc_polarity_high                        ./libopencm3//lib\libopencm3_stm32f0.a(timer_common_all.o)
timer_set_oc_polarity_low                         ./libopencm3//lib\libopencm3_stm32f0.a(timer_common_all.o)
timer_set_oc_slow_mode                            ./libopencm3//lib\libopencm3_stm32f0.a(timer_common_all.o)
timer_set_oc_value                                ./libopencm3//lib\libopencm3_stm32f0.a(timer_common_all.o)
                                                  app/timer.o
timer_set_output_idle_state                       ./libopencm3//lib\libopencm3_stm32f0.a(timer_common_all.o)
timer_set_period                                  ./libopencm3//lib\libopencm3_stm32f0.a(timer_common_all.o)
                                                  app/timer.o
timer_set_prescaler                               ./libopencm3//lib\libopencm3_stm32f0.a(timer_common_all.o)
                                                  app/timer.o
timer_set_repetition_counter                      ./libopencm3//lib\libopencm3_stm32f0.a(timer_common_all.o)
timer_set_ti1_ch1                                 ./libopencm3//lib\libopencm3_stm32f0.a(timer_common_all.o)
timer_set_ti1_ch123_xor                           ./libopencm3//lib\libopencm3_stm32f0.a(timer_common_all.o)
timer_slave_set_extclockmode2                     ./libopencm3//lib\libopencm3_stm32f0.a(timer_common_all.o)
timer_slave_set_filter                            ./libopencm3//lib\libopencm3_stm32f0.a(timer_common_all.o)
timer_slave_set_mode                              ./libopencm3//lib\libopencm3_stm32f0.a(timer_common_all.o)
timer_slave_set_polarity                          ./libopencm3//lib\libopencm3_stm32f0.a(timer_common_all.o)
timer_slave_set_prescaler                         ./libopencm3//lib\libopencm3_stm32f0.a(timer_common_all.o)
timer_slave_set_trigger                           ./libopencm3//lib\libopencm3_stm32f0.a(timer_common_all.o)
timer_update_on_any                               ./libopencm3//lib\libopencm3_stm32f0.a(timer_common_all.o)
timer_update_on_overflow                          ./libopencm3//lib\libopencm3_stm32f0.a(timer_common_all.o)
tsc_isr                                           ./libopencm3//lib\libopencm3_stm32f0.a(vector.o)
usart1_isr                                        ./libopencm3//lib\libopencm3_stm32f0.a(vector.o)
usart2_isr                                        ./libopencm3//lib\libopencm3_stm32f0.a(vector.o)
usart3_4_isr                                      ./libopencm3//lib\libopencm3_stm32f0.a(vector.o)
usb_isr                                           ./libopencm3//lib\libopencm3_stm32f0.a(vector.o)
vector_table                                      ./libopencm3//lib\libopencm3_stm32f0.a(vector.o)
wwdg_isr                                          ./libopencm3//lib\libopencm3_stm32f0.a(vector.o)
